#! /home/taha/oss-cad-suite/bin/vvp
:ivl_version "14.0 (devel)" "(s20260301-295-g614607c13-dirty)";
:ivl_delay_selection "TYPICAL";
:vpi_time_precision - 12;
:vpi_module "/home/taha/oss-cad-suite/lib/ivl/system.vpi";
:vpi_module "/home/taha/oss-cad-suite/lib/ivl/vhdl_sys.vpi";
:vpi_module "/home/taha/oss-cad-suite/lib/ivl/vhdl_textio.vpi";
:vpi_module "/home/taha/oss-cad-suite/lib/ivl/v2005_math.vpi";
:vpi_module "/home/taha/oss-cad-suite/lib/ivl/va_math.vpi";
:vpi_module "/home/taha/oss-cad-suite/lib/ivl/v2009.vpi";
S_0x5555919209d0 .scope package, "$unit" "$unit" 2 1;
 .timescale 0 0;
S_0x55559194e1c0 .scope module, "AND_logic" "AND_logic" 3 3;
 .timescale -9 -12;
    .port_info 0 /INPUT 1 "branch";
    .port_info 1 /INPUT 1 "zero";
    .port_info 2 /OUTPUT 1 "and_out";
o0x7d48aeb94048 .functor BUFZ 1, c4<z>; HiZ drive
o0x7d48aeb94078 .functor BUFZ 1, c4<z>; HiZ drive
L_0x555591928f80 .functor AND 1, o0x7d48aeb94048, o0x7d48aeb94078, C4<1>, C4<1>;
v0x555591952570_0 .net "and_out", 0 0, L_0x555591928f80;  1 drivers
v0x555591952610_0 .net "branch", 0 0, o0x7d48aeb94048;  0 drivers
v0x5555919290d0_0 .net "zero", 0 0, o0x7d48aeb94078;  0 drivers
S_0x555591920200 .scope module, "riscv_core_tb" "riscv_core_tb" 4 11;
 .timescale -9 -12;
L_0x5555919be3b0 .functor BUFZ 32, v0x5555919893b0_0, C4<00000000000000000000000000000000>, C4<00000000000000000000000000000000>, C4<00000000000000000000000000000000>;
L_0x5555919be420 .functor BUFZ 32, v0x55559198ef70_0, C4<00000000000000000000000000000000>, C4<00000000000000000000000000000000>, C4<00000000000000000000000000000000>;
v0x55559198a010_5 .array/port v0x55559198a010, 5;
L_0x5555919be490 .functor BUFZ 32, v0x55559198a010_5, C4<00000000000000000000000000000000>, C4<00000000000000000000000000000000>, C4<00000000000000000000000000000000>;
v0x55559198a010_6 .array/port v0x55559198a010, 6;
L_0x5555919be500 .functor BUFZ 32, v0x55559198a010_6, C4<00000000000000000000000000000000>, C4<00000000000000000000000000000000>, C4<00000000000000000000000000000000>;
v0x55559198a010_7 .array/port v0x55559198a010, 7;
L_0x5555919be570 .functor BUFZ 32, v0x55559198a010_7, C4<00000000000000000000000000000000>, C4<00000000000000000000000000000000>, C4<00000000000000000000000000000000>;
v0x55559198a010_10 .array/port v0x55559198a010, 10;
L_0x5555919be5e0 .functor BUFZ 32, v0x55559198a010_10, C4<00000000000000000000000000000000>, C4<00000000000000000000000000000000>, C4<00000000000000000000000000000000>;
v0x55559198a010_11 .array/port v0x55559198a010, 11;
L_0x5555919be690 .functor BUFZ 32, v0x55559198a010_11, C4<00000000000000000000000000000000>, C4<00000000000000000000000000000000>, C4<00000000000000000000000000000000>;
v0x55559198a010_12 .array/port v0x55559198a010, 12;
L_0x5555919be700 .functor BUFZ 32, v0x55559198a010_12, C4<00000000000000000000000000000000>, C4<00000000000000000000000000000000>, C4<00000000000000000000000000000000>;
v0x555591990ce0_1024 .array/port v0x555591990ce0, 1024;
L_0x5555919be7c0 .functor BUFZ 32, v0x555591990ce0_1024, C4<00000000000000000000000000000000>, C4<00000000000000000000000000000000>, C4<00000000000000000000000000000000>;
v0x555591990ce0_1025 .array/port v0x555591990ce0, 1025;
L_0x5555919be830 .functor BUFZ 32, v0x555591990ce0_1025, C4<00000000000000000000000000000000>, C4<00000000000000000000000000000000>, C4<00000000000000000000000000000000>;
v0x55559198a010_9 .array/port v0x55559198a010, 9;
L_0x5555919be900 .functor BUFZ 32, v0x55559198a010_9, C4<00000000000000000000000000000000>, C4<00000000000000000000000000000000>, C4<00000000000000000000000000000000>;
v0x55559198a010_13 .array/port v0x55559198a010, 13;
L_0x5555919be9d0 .functor BUFZ 32, v0x55559198a010_13, C4<00000000000000000000000000000000>, C4<00000000000000000000000000000000>, C4<00000000000000000000000000000000>;
v0x55559198a010_14 .array/port v0x55559198a010, 14;
L_0x5555919beb10 .functor BUFZ 32, v0x55559198a010_14, C4<00000000000000000000000000000000>, C4<00000000000000000000000000000000>, C4<00000000000000000000000000000000>;
v0x5555919a5b20_0 .var "clk", 0 0;
v0x5555919a5be0_0 .net "dmem_0x1000_debug", 31 0, L_0x5555919be7c0;  1 drivers
v0x5555919a5cc0_0 .net "dmem_0x1004_debug", 31 0, L_0x5555919be830;  1 drivers
v0x5555919a5db0_0 .var/i "fail_count", 31 0;
v0x5555919a5e90_0 .net "instr_debug", 31 0, L_0x5555919be420;  1 drivers
v0x5555919a5fc0_0 .var/i "pass_count", 31 0;
v0x5555919a60a0_0 .net "pc_debug", 31 0, L_0x5555919be3b0;  1 drivers
v0x5555919a6180_0 .var "reset", 0 0;
v0x5555919a6220_0 .net "wb_ack", 0 0, L_0x5555919be340;  1 drivers
v0x5555919a62c0_0 .net "wb_adr", 31 0, L_0x5555919bd3d0;  1 drivers
v0x5555919a6380_0 .net "wb_cyc", 0 0, L_0x5555919bce90;  1 drivers
v0x5555919a6470_0 .net "wb_dat_miso", 31 0, L_0x5555919be170;  1 drivers
v0x5555919a6530_0 .net "wb_dat_mosi", 31 0, L_0x5555919bd470;  1 drivers
v0x5555919a6640_0 .net "wb_sel", 3 0, L_0x5555919bd690;  1 drivers
v0x5555919a6750_0 .net "wb_stb", 0 0, L_0x5555919bd090;  1 drivers
v0x5555919a6840_0 .net "wb_we", 0 0, L_0x5555919bd180;  1 drivers
v0x5555919a6930_0 .net "x10_debug", 31 0, L_0x5555919be5e0;  1 drivers
v0x5555919a6b20_0 .net "x11_debug", 31 0, L_0x5555919be690;  1 drivers
v0x5555919a6c00_0 .net "x12_debug", 31 0, L_0x5555919be700;  1 drivers
v0x5555919a6ce0_0 .net "x13_debug", 31 0, L_0x5555919be9d0;  1 drivers
v0x5555919a6dc0_0 .net "x14_debug", 31 0, L_0x5555919beb10;  1 drivers
v0x5555919a6ea0_0 .net "x5_debug", 31 0, L_0x5555919be490;  1 drivers
v0x5555919a6f80_0 .net "x6_debug", 31 0, L_0x5555919be500;  1 drivers
v0x5555919a7060_0 .net "x7_debug", 31 0, L_0x5555919be570;  1 drivers
v0x5555919a7140_0 .net "x9_debug", 31 0, L_0x5555919be900;  1 drivers
S_0x555591922560 .scope module, "CPU" "riscv_core" 4 21, 5 8 0, S_0x555591920200;
 .timescale -9 -12;
    .port_info 0 /INPUT 1 "clk";
    .port_info 1 /INPUT 1 "reset";
    .port_info 2 /OUTPUT 1 "wb_cyc_o";
    .port_info 3 /OUTPUT 1 "wb_stb_o";
    .port_info 4 /OUTPUT 1 "wb_we_o";
    .port_info 5 /OUTPUT 32 "wb_adr_o";
    .port_info 6 /OUTPUT 32 "wb_dat_o";
    .port_info 7 /OUTPUT 4 "wb_sel_o";
    .port_info 8 /INPUT 32 "wb_dat_i";
    .port_info 9 /INPUT 1 "wb_ack_i";
P_0x5555918d6360 .param/l "ST_EXEC" 1 5 27, C4<1>;
P_0x5555918d63a0 .param/l "ST_FETCH" 1 5 26, C4<0>;
L_0x7d48aeb4b018 .functor BUFT 1, C4<0>, C4<0>, C4<0>, C4<0>;
L_0x55559194b550 .functor XNOR 1, v0x55559198f900_0, L_0x7d48aeb4b018, C4<0>, C4<0>;
L_0x7d48aeb4b060 .functor BUFT 1, C4<1>, C4<0>, C4<0>, C4<0>;
L_0x55559196dec0 .functor XNOR 1, v0x55559198f900_0, L_0x7d48aeb4b060, C4<0>, C4<0>;
L_0x5555919b7e80 .functor AND 1, L_0x55559196dec0, v0x5555919843d0_0, C4<1>, C4<1>;
L_0x5555919b83c0 .functor OR 1, L_0x5555919b8990, L_0x5555919b8c40, C4<0>, C4<0>;
L_0x5555919ba440 .functor AND 1, v0x555591983fd0_0, L_0x5555919bbc80, C4<1>, C4<1>;
L_0x5555919bbe90 .functor OR 1, L_0x5555919ba440, v0x5555919840a0_0, C4<0>, C4<0>;
L_0x7d48aeb4b570 .functor BUFT 1, C4<11111111111111111111111111111110>, C4<0>, C4<0>, C4<0>;
L_0x5555919bbff0 .functor AND 32, L_0x5555919bbf50, L_0x7d48aeb4b570, C4<11111111111111111111111111111111>, C4<11111111111111111111111111111111>;
L_0x5555919bc480 .functor OR 1, v0x555591984140_0, v0x555591984250_0, C4<0>, C4<0>;
L_0x5555919bc540 .functor AND 1, L_0x55559196dec0, L_0x5555919bc480, C4<1>, C4<1>;
v0x55559198b0c0_0 .net "ALUSrc", 0 0, v0x555591983e40_0;  1 drivers
v0x55559198b1d0_0 .net "ALU_A_input", 31 0, L_0x5555919a7a20;  1 drivers
v0x55559198b290_0 .net "ALU_Ctrl", 3 0, v0x555591982de0_0;  1 drivers
v0x55559198b380_0 .net "ALU_mux_out", 31 0, L_0x5555919bbb40;  1 drivers
v0x55559198b470_0 .net "ALU_result", 31 0, v0x555591970310_0;  1 drivers
v0x55559198b580_0 .net "ALUop", 1 0, v0x555591983f00_0;  1 drivers
v0x55559198b690_0 .net "Branch", 0 0, v0x555591983fd0_0;  1 drivers
v0x55559198b730_0 .net "Branch_Addr", 31 0, L_0x5555919bbdb0;  1 drivers
v0x55559198b7d0_0 .net "Branch_Taken", 0 0, L_0x5555919ba440;  1 drivers
v0x55559198b900_0 .net "Final_Target", 31 0, L_0x5555919bc150;  1 drivers
v0x55559198b9c0_0 .net "JAL_WB", 31 0, L_0x5555919bdaa0;  1 drivers
v0x55559198ba60_0 .net "Jump", 0 0, v0x5555919840a0_0;  1 drivers
v0x55559198bb50_0 .net "MemRead", 0 0, v0x555591984140_0;  1 drivers
v0x55559198bbf0_0 .net "MemWrite", 0 0, v0x555591984250_0;  1 drivers
v0x55559198bce0_0 .net "MemtoReg", 0 0, v0x555591984310_0;  1 drivers
v0x55559198bdd0_0 .net "PC_Sel", 0 0, L_0x5555919bbe90;  1 drivers
v0x55559198be70_0 .net "PC_out", 31 0, v0x5555919893b0_0;  1 drivers
v0x55559198c020_0 .net "PC_update_value", 31 0, L_0x5555919a7c40;  1 drivers
v0x55559198c0c0_0 .net "PCin", 31 0, L_0x5555919bc3e0;  1 drivers
v0x55559198c160_0 .net "PCplus4", 31 0, L_0x5555919b7de0;  1 drivers
v0x55559198c200_0 .net "RD1", 31 0, v0x555591989a60_0;  1 drivers
v0x55559198c2c0_0 .net "RD2", 31 0, v0x555591989b60_0;  1 drivers
v0x55559198c360_0 .net "RegWrite", 0 0, v0x5555919843d0_0;  1 drivers
v0x55559198c430_0 .net "WB_after_lui", 31 0, L_0x5555919bd870;  1 drivers
v0x55559198c500_0 .net "WriteBack", 31 0, L_0x5555919bd780;  1 drivers
v0x55559198c5d0_0 .net "Zero", 0 0, L_0x5555919bbc80;  1 drivers
v0x55559198c6a0_0 .net/2u *"_ivl_0", 0 0, L_0x7d48aeb4b018;  1 drivers
v0x55559198c740_0 .net *"_ivl_100", 31 0, L_0x5555919bbf50;  1 drivers
v0x55559198c820_0 .net/2u *"_ivl_102", 31 0, L_0x7d48aeb4b570;  1 drivers
v0x55559198c900_0 .net *"_ivl_104", 31 0, L_0x5555919bbff0;  1 drivers
v0x55559198c9e0_0 .net *"_ivl_108", 0 0, L_0x5555919bc480;  1 drivers
v0x55559198cac0_0 .net *"_ivl_11", 6 0, L_0x5555919a7380;  1 drivers
L_0x7d48aeb4b5b8 .functor BUFT 1, C4<1>, C4<0>, C4<0>, C4<0>;
v0x55559198cba0_0 .net/2u *"_ivl_114", 0 0, L_0x7d48aeb4b5b8;  1 drivers
L_0x7d48aeb4b600 .functor BUFT 1, C4<1>, C4<0>, C4<0>, C4<0>;
v0x55559198cc80_0 .net/2u *"_ivl_118", 0 0, L_0x7d48aeb4b600;  1 drivers
L_0x7d48aeb4b0a8 .functor BUFT 1, C4<0110111>, C4<0>, C4<0>, C4<0>;
v0x55559198cd60_0 .net/2u *"_ivl_12", 6 0, L_0x7d48aeb4b0a8;  1 drivers
L_0x7d48aeb4b648 .functor BUFT 1, C4<0>, C4<0>, C4<0>, C4<0>;
v0x55559198ce40_0 .net/2u *"_ivl_122", 0 0, L_0x7d48aeb4b648;  1 drivers
L_0x7d48aeb4b690 .functor BUFT 1, C4<00000000000000000000000000000000>, C4<0>, C4<0>, C4<0>;
v0x55559198cf20_0 .net/2u *"_ivl_128", 31 0, L_0x7d48aeb4b690;  1 drivers
L_0x7d48aeb4b6d8 .functor BUFT 1, C4<1111>, C4<0>, C4<0>, C4<0>;
v0x55559198d000_0 .net/2u *"_ivl_132", 3 0, L_0x7d48aeb4b6d8;  1 drivers
v0x55559198d0e0_0 .net *"_ivl_17", 6 0, L_0x5555919a75c0;  1 drivers
L_0x7d48aeb4b0f0 .functor BUFT 1, C4<0010111>, C4<0>, C4<0>, C4<0>;
v0x55559198d1c0_0 .net/2u *"_ivl_18", 6 0, L_0x7d48aeb4b0f0;  1 drivers
v0x55559198d2a0_0 .net *"_ivl_23", 6 0, L_0x5555919a77b0;  1 drivers
L_0x7d48aeb4b138 .functor BUFT 1, C4<1100111>, C4<0>, C4<0>, C4<0>;
v0x55559198d380_0 .net/2u *"_ivl_24", 6 0, L_0x7d48aeb4b138;  1 drivers
v0x55559198d460_0 .net/2u *"_ivl_4", 0 0, L_0x7d48aeb4b060;  1 drivers
v0x55559198d540_0 .net *"_ivl_43", 6 0, L_0x5555919b8430;  1 drivers
L_0x7d48aeb4b1c8 .functor BUFT 1, C4<0100011>, C4<0>, C4<0>, C4<0>;
v0x55559198d620_0 .net/2u *"_ivl_44", 6 0, L_0x7d48aeb4b1c8;  1 drivers
v0x55559198d700_0 .net *"_ivl_46", 0 0, L_0x5555919b84d0;  1 drivers
L_0x7d48aeb4b210 .functor BUFT 1, C4<001>, C4<0>, C4<0>, C4<0>;
v0x55559198d7c0_0 .net/2u *"_ivl_48", 2 0, L_0x7d48aeb4b210;  1 drivers
v0x55559198d8a0_0 .net *"_ivl_51", 6 0, L_0x5555919b8640;  1 drivers
L_0x7d48aeb4b258 .functor BUFT 1, C4<1100011>, C4<0>, C4<0>, C4<0>;
v0x55559198d980_0 .net/2u *"_ivl_52", 6 0, L_0x7d48aeb4b258;  1 drivers
v0x55559198da60_0 .net *"_ivl_54", 0 0, L_0x5555919b8710;  1 drivers
L_0x7d48aeb4b2a0 .functor BUFT 1, C4<010>, C4<0>, C4<0>, C4<0>;
v0x55559198db20_0 .net/2u *"_ivl_56", 2 0, L_0x7d48aeb4b2a0;  1 drivers
v0x55559198dc00_0 .net *"_ivl_59", 6 0, L_0x5555919b88c0;  1 drivers
L_0x7d48aeb4b2e8 .functor BUFT 1, C4<0110111>, C4<0>, C4<0>, C4<0>;
v0x55559198dce0_0 .net/2u *"_ivl_60", 6 0, L_0x7d48aeb4b2e8;  1 drivers
v0x55559198ddc0_0 .net *"_ivl_62", 0 0, L_0x5555919b8990;  1 drivers
v0x55559198de80_0 .net *"_ivl_65", 6 0, L_0x5555919b8ba0;  1 drivers
L_0x7d48aeb4b330 .functor BUFT 1, C4<0010111>, C4<0>, C4<0>, C4<0>;
v0x55559198df60_0 .net/2u *"_ivl_66", 6 0, L_0x7d48aeb4b330;  1 drivers
v0x55559198e040_0 .net *"_ivl_68", 0 0, L_0x5555919b8c40;  1 drivers
v0x55559198e100_0 .net *"_ivl_71", 0 0, L_0x5555919b83c0;  1 drivers
L_0x7d48aeb4b378 .functor BUFT 1, C4<011>, C4<0>, C4<0>, C4<0>;
v0x55559198e1c0_0 .net/2u *"_ivl_72", 2 0, L_0x7d48aeb4b378;  1 drivers
v0x55559198e2a0_0 .net *"_ivl_75", 6 0, L_0x5555919b8b00;  1 drivers
L_0x7d48aeb4b3c0 .functor BUFT 1, C4<1101111>, C4<0>, C4<0>, C4<0>;
v0x55559198e380_0 .net/2u *"_ivl_76", 6 0, L_0x7d48aeb4b3c0;  1 drivers
v0x55559198e460_0 .net *"_ivl_78", 0 0, L_0x5555919b8f00;  1 drivers
L_0x7d48aeb4b408 .functor BUFT 1, C4<100>, C4<0>, C4<0>, C4<0>;
v0x55559198e520_0 .net/2u *"_ivl_80", 2 0, L_0x7d48aeb4b408;  1 drivers
L_0x7d48aeb4b450 .functor BUFT 1, C4<000>, C4<0>, C4<0>, C4<0>;
v0x55559198e600_0 .net/2u *"_ivl_82", 2 0, L_0x7d48aeb4b450;  1 drivers
v0x55559198e6e0_0 .net *"_ivl_84", 2 0, L_0x5555919b9130;  1 drivers
v0x55559198e7c0_0 .net *"_ivl_86", 2 0, L_0x5555919b92f0;  1 drivers
v0x55559198e8a0_0 .net *"_ivl_88", 2 0, L_0x5555919b9550;  1 drivers
v0x55559198e980_0 .net "clk", 0 0, v0x5555919a5b20_0;  1 drivers
v0x55559198ea20_0 .net "cpu_ack", 0 0, L_0x5555919bcc50;  1 drivers
v0x55559198eaf0_0 .net "cpu_mem_req", 0 0, L_0x5555919bc540;  1 drivers
v0x55559198ebc0_0 .net "cpu_rdata", 31 0, v0x555591987860_0;  1 drivers
v0x55559198ecb0_0 .net "exec_phase", 0 0, L_0x55559196dec0;  1 drivers
v0x55559198ed50_0 .net "fetch_phase", 0 0, L_0x55559194b550;  1 drivers
v0x55559198ee10_0 .net "imm_sel", 2 0, L_0x5555919b96e0;  1 drivers
v0x55559198eed0_0 .net "immediate", 31 0, v0x555591986370_0;  1 drivers
v0x55559198ef70_0 .var "instr_reg", 31 0;
v0x55559198f050_0 .net "instruction", 31 0, v0x55559198ef70_0;  1 drivers
v0x55559198f140_0 .net "is_auipc", 0 0, L_0x5555919a7660;  1 drivers
v0x55559198f1e0_0 .net "is_jalr", 0 0, L_0x5555919a78a0;  1 drivers
v0x55559198f2a0_0 .net "is_lui", 0 0, L_0x5555919a7450;  1 drivers
v0x55559198f360_0 .net "lsu_wb_adr", 31 0, L_0x5555919bc9b0;  1 drivers
v0x55559198f450_0 .net "lsu_wb_cyc", 0 0, L_0x5555919bc6f0;  1 drivers
v0x55559198f520_0 .net "lsu_wb_dat", 31 0, v0x555591986fa0_0;  1 drivers
v0x55559198f5f0_0 .net "lsu_wb_sel", 3 0, v0x555591987080_0;  1 drivers
v0x55559198f6c0_0 .net "lsu_wb_stb", 0 0, L_0x5555919bc760;  1 drivers
v0x55559198f790_0 .net "lsu_wb_we", 0 0, L_0x5555919bc8b0;  1 drivers
v0x55559198f860_0 .net "reset", 0 0, v0x5555919a6180_0;  1 drivers
v0x55559198f900_0 .var "state", 0 0;
v0x55559198f9a0_0 .net "wb_ack_i", 0 0, L_0x5555919be340;  alias, 1 drivers
v0x55559198fa70_0 .net "wb_adr_o", 31 0, L_0x5555919bd3d0;  alias, 1 drivers
v0x55559198fb10_0 .net "wb_cyc_o", 0 0, L_0x5555919bce90;  alias, 1 drivers
v0x55559198fbb0_0 .net "wb_dat_i", 31 0, L_0x5555919be170;  alias, 1 drivers
v0x55559198fc80_0 .net "wb_dat_o", 31 0, L_0x5555919bd470;  alias, 1 drivers
v0x55559198fd40_0 .net "wb_sel_o", 3 0, L_0x5555919bd690;  alias, 1 drivers
v0x55559198fe20_0 .net "wb_stb_o", 0 0, L_0x5555919bd090;  alias, 1 drivers
v0x55559198fee0_0 .net "wb_we_o", 0 0, L_0x5555919bd180;  alias, 1 drivers
L_0x5555919a7380 .part v0x55559198ef70_0, 0, 7;
L_0x5555919a7450 .cmp/eq 7, L_0x5555919a7380, L_0x7d48aeb4b0a8;
L_0x5555919a75c0 .part v0x55559198ef70_0, 0, 7;
L_0x5555919a7660 .cmp/eq 7, L_0x5555919a75c0, L_0x7d48aeb4b0f0;
L_0x5555919a77b0 .part v0x55559198ef70_0, 0, 7;
L_0x5555919a78a0 .cmp/eq 7, L_0x5555919a77b0, L_0x7d48aeb4b138;
L_0x5555919a7a20 .functor MUXZ 32, v0x555591989a60_0, v0x5555919893b0_0, L_0x5555919a7660, C4<>;
L_0x5555919a7c40 .functor MUXZ 32, v0x5555919893b0_0, L_0x5555919bc3e0, L_0x55559196dec0, C4<>;
L_0x5555919b7f80 .part v0x55559198ef70_0, 0, 7;
L_0x5555919b8070 .part v0x55559198ef70_0, 15, 5;
L_0x5555919b8170 .part v0x55559198ef70_0, 20, 5;
L_0x5555919b8320 .part v0x55559198ef70_0, 7, 5;
L_0x5555919b8430 .part v0x55559198ef70_0, 0, 7;
L_0x5555919b84d0 .cmp/eq 7, L_0x5555919b8430, L_0x7d48aeb4b1c8;
L_0x5555919b8640 .part v0x55559198ef70_0, 0, 7;
L_0x5555919b8710 .cmp/eq 7, L_0x5555919b8640, L_0x7d48aeb4b258;
L_0x5555919b88c0 .part v0x55559198ef70_0, 0, 7;
L_0x5555919b8990 .cmp/eq 7, L_0x5555919b88c0, L_0x7d48aeb4b2e8;
L_0x5555919b8ba0 .part v0x55559198ef70_0, 0, 7;
L_0x5555919b8c40 .cmp/eq 7, L_0x5555919b8ba0, L_0x7d48aeb4b330;
L_0x5555919b8b00 .part v0x55559198ef70_0, 0, 7;
L_0x5555919b8f00 .cmp/eq 7, L_0x5555919b8b00, L_0x7d48aeb4b3c0;
L_0x5555919b9130 .functor MUXZ 3, L_0x7d48aeb4b450, L_0x7d48aeb4b408, L_0x5555919b8f00, C4<>;
L_0x5555919b92f0 .functor MUXZ 3, L_0x5555919b9130, L_0x7d48aeb4b378, L_0x5555919b83c0, C4<>;
L_0x5555919b9550 .functor MUXZ 3, L_0x5555919b92f0, L_0x7d48aeb4b2a0, L_0x5555919b8710, C4<>;
L_0x5555919b96e0 .functor MUXZ 3, L_0x5555919b9550, L_0x7d48aeb4b210, L_0x5555919b84d0, C4<>;
L_0x5555919bb500 .part v0x55559198ef70_0, 25, 7;
L_0x5555919bb5a0 .part v0x55559198ef70_0, 12, 3;
L_0x5555919bbf50 .arith/sum 32, v0x555591989a60_0, v0x555591986370_0;
L_0x5555919bc150 .functor MUXZ 32, L_0x5555919bbdb0, L_0x5555919bbff0, L_0x5555919a78a0, C4<>;
L_0x5555919bcdf0 .part v0x55559198ef70_0, 12, 3;
L_0x5555919bce90 .functor MUXZ 1, L_0x5555919bc6f0, L_0x7d48aeb4b5b8, L_0x55559194b550, C4<>;
L_0x5555919bd090 .functor MUXZ 1, L_0x5555919bc760, L_0x7d48aeb4b600, L_0x55559194b550, C4<>;
L_0x5555919bd180 .functor MUXZ 1, L_0x5555919bc8b0, L_0x7d48aeb4b648, L_0x55559194b550, C4<>;
L_0x5555919bd3d0 .functor MUXZ 32, L_0x5555919bc9b0, v0x5555919893b0_0, L_0x55559194b550, C4<>;
L_0x5555919bd470 .functor MUXZ 32, v0x555591986fa0_0, L_0x7d48aeb4b690, L_0x55559194b550, C4<>;
L_0x5555919bd690 .functor MUXZ 4, v0x555591987080_0, L_0x7d48aeb4b6d8, L_0x55559194b550, C4<>;
L_0x5555919bd870 .functor MUXZ 32, L_0x5555919bd780, v0x555591986370_0, L_0x5555919a7450, C4<>;
S_0x555591923170 .scope module, "ALU" "ALU_unit" 5 203, 6 6 0, S_0x555591922560;
 .timescale -9 -12;
    .port_info 0 /INPUT 32 "A";
    .port_info 1 /INPUT 32 "B";
    .port_info 2 /INPUT 4 "ALU_Sel";
    .port_info 3 /OUTPUT 32 "Result";
    .port_info 4 /OUTPUT 1 "Zero";
v0x555591929170_0 .net "A", 31 0, L_0x5555919a7a20;  alias, 1 drivers
v0x55559194b6e0_0 .net "ALU_Sel", 3 0, v0x555591982de0_0;  alias, 1 drivers
v0x555591970270_0 .net "B", 31 0, L_0x5555919bbb40;  alias, 1 drivers
v0x555591970310_0 .var "Result", 31 0;
v0x555591982880_0 .net "Zero", 0 0, L_0x5555919bbc80;  alias, 1 drivers
v0x555591982940_0 .net "shamt", 4 0, L_0x5555919bbbe0;  1 drivers
E_0x5555918b3e40 .event anyedge, v0x55559194b6e0_0, v0x555591929170_0, v0x555591970270_0, v0x555591982940_0;
L_0x5555919bbbe0 .part L_0x5555919bbb40, 0, 5;
L_0x5555919bbc80 .part v0x555591970310_0, 0, 1;
S_0x555591982ac0 .scope module, "ALU_CU" "ALU_Control" 5 189, 7 6 0, S_0x555591922560;
 .timescale -9 -12;
    .port_info 0 /INPUT 2 "ALUOp";
    .port_info 1 /INPUT 7 "funct7";
    .port_info 2 /INPUT 3 "funct3";
    .port_info 3 /OUTPUT 4 "ALU_Control";
v0x555591982ce0_0 .net "ALUOp", 1 0, v0x555591983f00_0;  alias, 1 drivers
v0x555591982de0_0 .var "ALU_Control", 3 0;
v0x555591982ea0_0 .net "funct3", 2 0, L_0x5555919bb5a0;  1 drivers
v0x555591982f40_0 .net "funct7", 6 0, L_0x5555919bb500;  1 drivers
E_0x5555918b3e80 .event anyedge, v0x555591982ce0_0, v0x555591982f40_0, v0x555591982ea0_0;
S_0x5555919830a0 .scope module, "ALU_MUX" "Mux1" 5 196, 8 3 0, S_0x555591922560;
 .timescale -9 -12;
    .port_info 0 /INPUT 1 "sel1";
    .port_info 1 /INPUT 32 "A1";
    .port_info 2 /INPUT 32 "B1";
    .port_info 3 /OUTPUT 32 "Mux1_out";
v0x555591983280_0 .net "A1", 31 0, v0x555591989b60_0;  alias, 1 drivers
v0x555591983360_0 .net "B1", 31 0, v0x555591986370_0;  alias, 1 drivers
v0x555591983440_0 .net "Mux1_out", 31 0, L_0x5555919bbb40;  alias, 1 drivers
v0x555591983540_0 .net "sel1", 0 0, v0x555591983e40_0;  alias, 1 drivers
L_0x5555919bbb40 .functor MUXZ 32, v0x555591989b60_0, v0x555591986370_0, v0x555591983e40_0, C4<>;
S_0x555591983690 .scope module, "BRANCH_ADD" "Adder" 5 214, 9 3 0, S_0x555591922560;
 .timescale -9 -12;
    .port_info 0 /INPUT 32 "in_1";
    .port_info 1 /INPUT 32 "in_2";
    .port_info 2 /OUTPUT 32 "Sum_out";
v0x555591983890_0 .net "Sum_out", 31 0, L_0x5555919bbdb0;  alias, 1 drivers
v0x555591983990_0 .net "in_1", 31 0, v0x5555919893b0_0;  alias, 1 drivers
v0x555591983a70_0 .net "in_2", 31 0, v0x555591986370_0;  alias, 1 drivers
L_0x5555919bbdb0 .arith/sum 32, v0x5555919893b0_0, v0x555591986370_0;
S_0x555591983ba0 .scope module, "CU" "Control_Unit" 5 141, 10 5 0, S_0x555591922560;
 .timescale -9 -12;
    .port_info 0 /INPUT 7 "instruction";
    .port_info 1 /OUTPUT 1 "ALUSrc";
    .port_info 2 /OUTPUT 1 "MemtoReg";
    .port_info 3 /OUTPUT 1 "RegWrite";
    .port_info 4 /OUTPUT 1 "MemRead";
    .port_info 5 /OUTPUT 1 "MemWrite";
    .port_info 6 /OUTPUT 1 "Branch";
    .port_info 7 /OUTPUT 1 "Jump";
    .port_info 8 /OUTPUT 2 "ALUop";
v0x555591983e40_0 .var "ALUSrc", 0 0;
v0x555591983f00_0 .var "ALUop", 1 0;
v0x555591983fd0_0 .var "Branch", 0 0;
v0x5555919840a0_0 .var "Jump", 0 0;
v0x555591984140_0 .var "MemRead", 0 0;
v0x555591984250_0 .var "MemWrite", 0 0;
v0x555591984310_0 .var "MemtoReg", 0 0;
v0x5555919843d0_0 .var "RegWrite", 0 0;
v0x555591984490_0 .net "instruction", 6 0, L_0x5555919b7f80;  1 drivers
E_0x5555918937c0 .event anyedge, v0x555591984490_0;
S_0x555591984720 .scope module, "IMM_GEN" "immediate_generator" 5 180, 11 3 0, S_0x555591922560;
 .timescale -9 -12;
    .port_info 0 /INPUT 32 "instruction";
    .port_info 1 /INPUT 3 "imm_sel";
    .port_info 2 /OUTPUT 32 "immediate";
v0x555591984930_0 .net *"_ivl_1", 0 0, L_0x5555919b99a0;  1 drivers
v0x555591984a30_0 .net *"_ivl_11", 19 0, L_0x5555919b9db0;  1 drivers
v0x555591984b10_0 .net *"_ivl_13", 6 0, L_0x5555919b9ee0;  1 drivers
v0x555591984bd0_0 .net *"_ivl_15", 4 0, L_0x5555919b9f80;  1 drivers
v0x555591984cb0_0 .net *"_ivl_19", 0 0, L_0x5555919ba200;  1 drivers
v0x555591984de0_0 .net *"_ivl_21", 18 0, L_0x5555919ba300;  1 drivers
v0x555591984ec0_0 .net *"_ivl_23", 0 0, L_0x5555919ba3a0;  1 drivers
v0x555591984fa0_0 .net *"_ivl_25", 0 0, L_0x5555919ba4b0;  1 drivers
v0x555591985080_0 .net *"_ivl_27", 5 0, L_0x5555919ba550;  1 drivers
v0x5555919851f0_0 .net *"_ivl_29", 3 0, L_0x5555919ba670;  1 drivers
v0x5555919852d0_0 .net *"_ivl_3", 19 0, L_0x5555919b9a40;  1 drivers
L_0x7d48aeb4b498 .functor BUFT 1, C4<0>, C4<0>, C4<0>, C4<0>;
v0x5555919853b0_0 .net/2u *"_ivl_30", 0 0, L_0x7d48aeb4b498;  1 drivers
v0x555591985490_0 .net *"_ivl_35", 19 0, L_0x5555919baa20;  1 drivers
L_0x7d48aeb4b4e0 .functor BUFT 1, C4<000000000000>, C4<0>, C4<0>, C4<0>;
v0x555591985570_0 .net/2u *"_ivl_36", 11 0, L_0x7d48aeb4b4e0;  1 drivers
v0x555591985650_0 .net *"_ivl_41", 0 0, L_0x5555919baca0;  1 drivers
v0x555591985730_0 .net *"_ivl_43", 10 0, L_0x5555919bad40;  1 drivers
v0x555591985810_0 .net *"_ivl_45", 0 0, L_0x5555919bac00;  1 drivers
v0x5555919858f0_0 .net *"_ivl_47", 7 0, L_0x5555919baee0;  1 drivers
v0x5555919859d0_0 .net *"_ivl_49", 0 0, L_0x5555919bb040;  1 drivers
v0x555591985ab0_0 .net *"_ivl_5", 11 0, L_0x5555919b9b30;  1 drivers
v0x555591985b90_0 .net *"_ivl_51", 9 0, L_0x5555919bb0e0;  1 drivers
L_0x7d48aeb4b528 .functor BUFT 1, C4<0>, C4<0>, C4<0>, C4<0>;
v0x555591985c70_0 .net/2u *"_ivl_52", 0 0, L_0x7d48aeb4b528;  1 drivers
v0x555591985d50_0 .net *"_ivl_9", 0 0, L_0x5555919b9d10;  1 drivers
v0x555591985e30_0 .net "imm_b", 31 0, L_0x5555919ba710;  1 drivers
v0x555591985f10_0 .net "imm_i", 31 0, L_0x5555919b9bd0;  1 drivers
v0x555591985ff0_0 .net "imm_j", 31 0, L_0x5555919bb250;  1 drivers
v0x5555919860d0_0 .net "imm_s", 31 0, L_0x5555919ba070;  1 drivers
v0x5555919861b0_0 .net "imm_sel", 2 0, L_0x5555919b96e0;  alias, 1 drivers
v0x555591986290_0 .net "imm_u", 31 0, L_0x5555919baac0;  1 drivers
v0x555591986370_0 .var "immediate", 31 0;
v0x555591986430_0 .net "instruction", 31 0, v0x55559198ef70_0;  alias, 1 drivers
E_0x5555919730e0/0 .event anyedge, v0x5555919861b0_0, v0x555591985f10_0, v0x5555919860d0_0, v0x555591985e30_0;
E_0x5555919730e0/1 .event anyedge, v0x555591986290_0, v0x555591985ff0_0;
E_0x5555919730e0 .event/or E_0x5555919730e0/0, E_0x5555919730e0/1;
L_0x5555919b99a0 .part v0x55559198ef70_0, 31, 1;
L_0x5555919b9a40 .repeat 20, 20, L_0x5555919b99a0;
L_0x5555919b9b30 .part v0x55559198ef70_0, 20, 12;
L_0x5555919b9bd0 .concat [ 12 20 0 0], L_0x5555919b9b30, L_0x5555919b9a40;
L_0x5555919b9d10 .part v0x55559198ef70_0, 31, 1;
L_0x5555919b9db0 .repeat 20, 20, L_0x5555919b9d10;
L_0x5555919b9ee0 .part v0x55559198ef70_0, 25, 7;
L_0x5555919b9f80 .part v0x55559198ef70_0, 7, 5;
L_0x5555919ba070 .concat [ 5 7 20 0], L_0x5555919b9f80, L_0x5555919b9ee0, L_0x5555919b9db0;
L_0x5555919ba200 .part v0x55559198ef70_0, 31, 1;
L_0x5555919ba300 .repeat 19, 19, L_0x5555919ba200;
L_0x5555919ba3a0 .part v0x55559198ef70_0, 31, 1;
L_0x5555919ba4b0 .part v0x55559198ef70_0, 7, 1;
L_0x5555919ba550 .part v0x55559198ef70_0, 25, 6;
L_0x5555919ba670 .part v0x55559198ef70_0, 8, 4;
LS_0x5555919ba710_0_0 .concat [ 1 4 6 1], L_0x7d48aeb4b498, L_0x5555919ba670, L_0x5555919ba550, L_0x5555919ba4b0;
LS_0x5555919ba710_0_4 .concat [ 1 19 0 0], L_0x5555919ba3a0, L_0x5555919ba300;
L_0x5555919ba710 .concat [ 12 20 0 0], LS_0x5555919ba710_0_0, LS_0x5555919ba710_0_4;
L_0x5555919baa20 .part v0x55559198ef70_0, 12, 20;
L_0x5555919baac0 .concat [ 12 20 0 0], L_0x7d48aeb4b4e0, L_0x5555919baa20;
L_0x5555919baca0 .part v0x55559198ef70_0, 31, 1;
L_0x5555919bad40 .repeat 11, 11, L_0x5555919baca0;
L_0x5555919bac00 .part v0x55559198ef70_0, 31, 1;
L_0x5555919baee0 .part v0x55559198ef70_0, 12, 8;
L_0x5555919bb040 .part v0x55559198ef70_0, 20, 1;
L_0x5555919bb0e0 .part v0x55559198ef70_0, 21, 10;
LS_0x5555919bb250_0_0 .concat [ 1 10 1 8], L_0x7d48aeb4b528, L_0x5555919bb0e0, L_0x5555919bb040, L_0x5555919baee0;
LS_0x5555919bb250_0_4 .concat [ 1 11 0 0], L_0x5555919bac00, L_0x5555919bad40;
L_0x5555919bb250 .concat [ 20 12 0 0], LS_0x5555919bb250_0_0, LS_0x5555919bb250_0_4;
S_0x555591986590 .scope module, "JAL_MUX" "Mux1" 5 283, 8 3 0, S_0x555591922560;
 .timescale -9 -12;
    .port_info 0 /INPUT 1 "sel1";
    .port_info 1 /INPUT 32 "A1";
    .port_info 2 /INPUT 32 "B1";
    .port_info 3 /OUTPUT 32 "Mux1_out";
v0x555591986770_0 .net "A1", 31 0, L_0x5555919bd870;  alias, 1 drivers
v0x555591986850_0 .net "B1", 31 0, L_0x5555919b7de0;  alias, 1 drivers
v0x555591986930_0 .net "Mux1_out", 31 0, L_0x5555919bdaa0;  alias, 1 drivers
v0x5555919869f0_0 .net "sel1", 0 0, v0x5555919840a0_0;  alias, 1 drivers
L_0x5555919bdaa0 .functor MUXZ 32, L_0x5555919bd870, L_0x5555919b7de0, v0x5555919840a0_0, C4<>;
S_0x555591986b50 .scope module, "LSU" "wb_master_lsu" 5 239, 12 3 0, S_0x555591922560;
 .timescale -9 -12;
    .port_info 0 /INPUT 1 "clk";
    .port_info 1 /INPUT 1 "reset";
    .port_info 2 /INPUT 1 "cpu_mem_req";
    .port_info 3 /INPUT 1 "cpu_mem_we";
    .port_info 4 /INPUT 32 "cpu_addr";
    .port_info 5 /INPUT 32 "cpu_wdata";
    .port_info 6 /INPUT 3 "cpu_funct3";
    .port_info 7 /OUTPUT 32 "cpu_rdata";
    .port_info 8 /OUTPUT 1 "cpu_ack";
    .port_info 9 /OUTPUT 1 "wb_cyc_o";
    .port_info 10 /OUTPUT 1 "wb_stb_o";
    .port_info 11 /OUTPUT 1 "wb_we_o";
    .port_info 12 /OUTPUT 32 "wb_adr_o";
    .port_info 13 /OUTPUT 32 "wb_dat_o";
    .port_info 14 /OUTPUT 4 "wb_sel_o";
    .port_info 15 /INPUT 32 "wb_dat_i";
    .port_info 16 /INPUT 1 "wb_ack_i";
L_0x5555919bc6f0 .functor BUFZ 1, L_0x5555919bc540, C4<0>, C4<0>, C4<0>;
L_0x5555919bc760 .functor BUFZ 1, L_0x5555919bc540, C4<0>, C4<0>, C4<0>;
L_0x5555919bc8b0 .functor BUFZ 1, v0x555591984250_0, C4<0>, C4<0>, C4<0>;
L_0x5555919bc9b0 .functor BUFZ 32, v0x555591970310_0, C4<00000000000000000000000000000000>, C4<00000000000000000000000000000000>, C4<00000000000000000000000000000000>;
L_0x5555919bcc50 .functor BUFZ 1, L_0x5555919be340, C4<0>, C4<0>, C4<0>;
v0x555591986fa0_0 .var "aligned_wdata", 31 0;
v0x555591987080_0 .var "byte_select", 3 0;
v0x555591987160_0 .net "clk", 0 0, v0x5555919a5b20_0;  alias, 1 drivers
v0x555591987200_0 .net "cpu_ack", 0 0, L_0x5555919bcc50;  alias, 1 drivers
v0x5555919872c0_0 .net "cpu_addr", 31 0, v0x555591970310_0;  alias, 1 drivers
v0x5555919873d0_0 .net "cpu_funct3", 2 0, L_0x5555919bcdf0;  1 drivers
v0x555591987490_0 .net "cpu_mem_req", 0 0, L_0x5555919bc540;  alias, 1 drivers
v0x555591987550_0 .net "cpu_mem_we", 0 0, v0x555591984250_0;  alias, 1 drivers
v0x555591987620_0 .net "cpu_rdata", 31 0, v0x555591987860_0;  alias, 1 drivers
v0x555591987770_0 .net "cpu_wdata", 31 0, v0x555591989b60_0;  alias, 1 drivers
v0x555591987860_0 .var "extended_rdata", 31 0;
v0x555591987920_0 .net "reset", 0 0, v0x5555919a6180_0;  alias, 1 drivers
v0x5555919879e0_0 .var "selected_byte", 7 0;
v0x555591987ac0_0 .var "selected_halfword", 15 0;
v0x555591987ba0_0 .net "wb_ack_i", 0 0, L_0x5555919be340;  alias, 1 drivers
v0x555591987c60_0 .net "wb_adr_o", 31 0, L_0x5555919bc9b0;  alias, 1 drivers
v0x555591987d40_0 .net "wb_cyc_o", 0 0, L_0x5555919bc6f0;  alias, 1 drivers
v0x555591987e00_0 .net "wb_dat_i", 31 0, L_0x5555919be170;  alias, 1 drivers
v0x555591987ee0_0 .net "wb_dat_o", 31 0, v0x555591986fa0_0;  alias, 1 drivers
v0x555591987fc0_0 .net "wb_sel_o", 3 0, v0x555591987080_0;  alias, 1 drivers
v0x5555919880a0_0 .net "wb_stb_o", 0 0, L_0x5555919bc760;  alias, 1 drivers
v0x555591988160_0 .net "wb_we_o", 0 0, L_0x5555919bc8b0;  alias, 1 drivers
E_0x555591986dc0 .event anyedge, v0x5555919873d0_0, v0x5555919879e0_0, v0x555591987ac0_0, v0x555591987e00_0;
E_0x555591986e50 .event anyedge, v0x555591970310_0, v0x555591987e00_0;
E_0x555591986eb0 .event anyedge, v0x5555919873d0_0, v0x555591970310_0, v0x555591983280_0;
E_0x555591986f10 .event anyedge, v0x5555919873d0_0, v0x555591970310_0;
S_0x555591988440 .scope module, "PC_INC" "PCplus4" 5 133, 13 3 0, S_0x555591922560;
 .timescale -9 -12;
    .port_info 0 /INPUT 32 "fromPC";
    .port_info 1 /OUTPUT 32 "NextoPC";
v0x5555919885f0_0 .net "NextoPC", 31 0, L_0x5555919b7de0;  alias, 1 drivers
L_0x7d48aeb4b180 .functor BUFT 1, C4<00000000000000000000000000000100>, C4<0>, C4<0>, C4<0>;
v0x555591988700_0 .net/2u *"_ivl_0", 31 0, L_0x7d48aeb4b180;  1 drivers
v0x5555919887c0_0 .net "fromPC", 31 0, v0x5555919893b0_0;  alias, 1 drivers
L_0x5555919b7de0 .arith/sum 32, v0x5555919893b0_0, L_0x7d48aeb4b180;
S_0x555591988900 .scope module, "PC_MUX" "Mux2" 5 226, 14 3 0, S_0x555591922560;
 .timescale -9 -12;
    .port_info 0 /INPUT 1 "sel2";
    .port_info 1 /INPUT 32 "A2";
    .port_info 2 /INPUT 32 "B2";
    .port_info 3 /OUTPUT 32 "Mux2_out";
v0x555591988ba0_0 .net "A2", 31 0, L_0x5555919b7de0;  alias, 1 drivers
v0x555591988cb0_0 .net "B2", 31 0, L_0x5555919bc150;  alias, 1 drivers
v0x555591988d90_0 .net "Mux2_out", 31 0, L_0x5555919bc3e0;  alias, 1 drivers
v0x555591988e50_0 .net "sel2", 0 0, L_0x5555919bbe90;  alias, 1 drivers
L_0x5555919bc3e0 .functor MUXZ 32, L_0x5555919b7de0, L_0x5555919bc150, L_0x5555919bbe90, C4<>;
S_0x555591988fc0 .scope module, "PC_REG" "program_counter" 5 126, 15 3 0, S_0x555591922560;
 .timescale -9 -12;
    .port_info 0 /INPUT 1 "clk";
    .port_info 1 /INPUT 1 "reset";
    .port_info 2 /INPUT 32 "PC_in";
    .port_info 3 /OUTPUT 32 "PC_out";
v0x5555919892b0_0 .net "PC_in", 31 0, L_0x5555919a7c40;  alias, 1 drivers
v0x5555919893b0_0 .var "PC_out", 31 0;
v0x5555919894c0_0 .net "clk", 0 0, v0x5555919a5b20_0;  alias, 1 drivers
v0x555591989590_0 .net "reset", 0 0, v0x5555919a6180_0;  alias, 1 drivers
E_0x555591989230 .event posedge, v0x555591987920_0, v0x555591987160_0;
S_0x5555919896b0 .scope module, "RF" "Register_File" 5 157, 16 3 0, S_0x555591922560;
 .timescale -9 -12;
    .port_info 0 /INPUT 1 "clk";
    .port_info 1 /INPUT 1 "reset";
    .port_info 2 /INPUT 1 "Reg_write";
    .port_info 3 /INPUT 5 "rs1";
    .port_info 4 /INPUT 5 "rs2";
    .port_info 5 /INPUT 5 "rd";
    .port_info 6 /INPUT 32 "write_data";
    .port_info 7 /OUTPUT 32 "Read_Data1";
    .port_info 8 /OUTPUT 32 "Read_Data2";
v0x555591989a60_0 .var "Read_Data1", 31 0;
v0x555591989b60_0 .var "Read_Data2", 31 0;
v0x555591989c70_0 .net "Reg_write", 0 0, L_0x5555919b7e80;  1 drivers
v0x555591989d10_0 .net "clk", 0 0, v0x5555919a5b20_0;  alias, 1 drivers
v0x555591989e00_0 .var/i "i", 31 0;
v0x555591989f30_0 .net "rd", 4 0, L_0x5555919b8320;  1 drivers
v0x55559198a010 .array "reg_mem", 31 0, 31 0;
v0x55559198a5e0_0 .net "reset", 0 0, v0x5555919a6180_0;  alias, 1 drivers
v0x55559198a6d0_0 .net "rs1", 4 0, L_0x5555919b8070;  1 drivers
v0x55559198a840_0 .net "rs2", 4 0, L_0x5555919b8170;  1 drivers
v0x55559198a920_0 .net "write_data", 31 0, L_0x5555919bdaa0;  alias, 1 drivers
v0x55559198a010_0 .array/port v0x55559198a010, 0;
v0x55559198a010_1 .array/port v0x55559198a010, 1;
v0x55559198a010_2 .array/port v0x55559198a010, 2;
E_0x5555919898e0/0 .event anyedge, v0x55559198a6d0_0, v0x55559198a010_0, v0x55559198a010_1, v0x55559198a010_2;
v0x55559198a010_3 .array/port v0x55559198a010, 3;
v0x55559198a010_4 .array/port v0x55559198a010, 4;
E_0x5555919898e0/1 .event anyedge, v0x55559198a010_3, v0x55559198a010_4, v0x55559198a010_5, v0x55559198a010_6;
v0x55559198a010_8 .array/port v0x55559198a010, 8;
E_0x5555919898e0/2 .event anyedge, v0x55559198a010_7, v0x55559198a010_8, v0x55559198a010_9, v0x55559198a010_10;
E_0x5555919898e0/3 .event anyedge, v0x55559198a010_11, v0x55559198a010_12, v0x55559198a010_13, v0x55559198a010_14;
v0x55559198a010_15 .array/port v0x55559198a010, 15;
v0x55559198a010_16 .array/port v0x55559198a010, 16;
v0x55559198a010_17 .array/port v0x55559198a010, 17;
v0x55559198a010_18 .array/port v0x55559198a010, 18;
E_0x5555919898e0/4 .event anyedge, v0x55559198a010_15, v0x55559198a010_16, v0x55559198a010_17, v0x55559198a010_18;
v0x55559198a010_19 .array/port v0x55559198a010, 19;
v0x55559198a010_20 .array/port v0x55559198a010, 20;
v0x55559198a010_21 .array/port v0x55559198a010, 21;
v0x55559198a010_22 .array/port v0x55559198a010, 22;
E_0x5555919898e0/5 .event anyedge, v0x55559198a010_19, v0x55559198a010_20, v0x55559198a010_21, v0x55559198a010_22;
v0x55559198a010_23 .array/port v0x55559198a010, 23;
v0x55559198a010_24 .array/port v0x55559198a010, 24;
v0x55559198a010_25 .array/port v0x55559198a010, 25;
v0x55559198a010_26 .array/port v0x55559198a010, 26;
E_0x5555919898e0/6 .event anyedge, v0x55559198a010_23, v0x55559198a010_24, v0x55559198a010_25, v0x55559198a010_26;
v0x55559198a010_27 .array/port v0x55559198a010, 27;
v0x55559198a010_28 .array/port v0x55559198a010, 28;
v0x55559198a010_29 .array/port v0x55559198a010, 29;
v0x55559198a010_30 .array/port v0x55559198a010, 30;
E_0x5555919898e0/7 .event anyedge, v0x55559198a010_27, v0x55559198a010_28, v0x55559198a010_29, v0x55559198a010_30;
v0x55559198a010_31 .array/port v0x55559198a010, 31;
E_0x5555919898e0/8 .event anyedge, v0x55559198a010_31, v0x55559198a840_0;
E_0x5555919898e0 .event/or E_0x5555919898e0/0, E_0x5555919898e0/1, E_0x5555919898e0/2, E_0x5555919898e0/3, E_0x5555919898e0/4, E_0x5555919898e0/5, E_0x5555919898e0/6, E_0x5555919898e0/7, E_0x5555919898e0/8;
S_0x55559198aae0 .scope module, "WB_MUX" "Mux3" 5 274, 17 3 0, S_0x555591922560;
 .timescale -9 -12;
    .port_info 0 /INPUT 1 "sel3";
    .port_info 1 /INPUT 32 "A3";
    .port_info 2 /INPUT 32 "B3";
    .port_info 3 /OUTPUT 32 "Mux3_out";
v0x55559198ad00_0 .net "A3", 31 0, v0x555591970310_0;  alias, 1 drivers
v0x55559198ae30_0 .net "B3", 31 0, v0x555591987860_0;  alias, 1 drivers
v0x55559198aef0_0 .net "Mux3_out", 31 0, L_0x5555919bd780;  alias, 1 drivers
v0x55559198af90_0 .net "sel3", 0 0, v0x555591984310_0;  alias, 1 drivers
L_0x5555919bd780 .functor MUXZ 32, v0x555591970310_0, v0x555591987860_0, v0x555591984310_0, C4<>;
S_0x5555919900e0 .scope module, "MEM" "core_test_mem" 4 34, 18 21 0, S_0x555591920200;
 .timescale -9 -12;
    .port_info 0 /INPUT 1 "clk";
    .port_info 1 /INPUT 1 "reset";
    .port_info 2 /INPUT 1 "wb_cyc_i";
    .port_info 3 /INPUT 1 "wb_stb_i";
    .port_info 4 /INPUT 1 "wb_we_i";
    .port_info 5 /INPUT 32 "wb_adr_i";
    .port_info 6 /INPUT 32 "wb_dat_i";
    .port_info 7 /INPUT 4 "wb_sel_i";
    .port_info 8 /OUTPUT 32 "wb_dat_o";
    .port_info 9 /OUTPUT 1 "wb_ack_o";
L_0x5555919bdd00 .functor AND 1, L_0x5555919bce90, L_0x5555919bd090, C4<1>, C4<1>;
L_0x5555919bdfc0 .functor AND 1, L_0x5555919bdd00, L_0x5555919bde90, C4<1>, C4<1>;
L_0x5555919be340 .functor AND 1, L_0x5555919bce90, L_0x5555919bd090, C4<1>, C4<1>;
v0x555591990490_0 .net *"_ivl_10", 12 0, L_0x5555919be0d0;  1 drivers
L_0x7d48aeb4b720 .functor BUFT 1, C4<00>, C4<0>, C4<0>, C4<0>;
v0x555591990590_0 .net *"_ivl_13", 1 0, L_0x7d48aeb4b720;  1 drivers
L_0x7d48aeb4b768 .functor BUFT 1, C4<00000000000000000000000000000000>, C4<0>, C4<0>, C4<0>;
v0x555591990670_0 .net/2u *"_ivl_14", 31 0, L_0x7d48aeb4b768;  1 drivers
v0x555591990760_0 .net *"_ivl_3", 0 0, L_0x5555919bdd00;  1 drivers
v0x555591990820_0 .net *"_ivl_5", 0 0, L_0x5555919bde90;  1 drivers
v0x555591990930_0 .net *"_ivl_7", 0 0, L_0x5555919bdfc0;  1 drivers
v0x5555919909f0_0 .net *"_ivl_8", 31 0, L_0x5555919be030;  1 drivers
v0x555591990ad0_0 .net "clk", 0 0, v0x5555919a5b20_0;  alias, 1 drivers
v0x555591990b70_0 .var/i "k", 31 0;
v0x555591990ce0 .array "mem", 2047 0, 31 0;
v0x5555919a4db0_0 .net "reset", 0 0, v0x5555919a6180_0;  alias, 1 drivers
v0x5555919a4ee0_0 .net "wb_ack_o", 0 0, L_0x5555919be340;  alias, 1 drivers
v0x5555919a4f80_0 .net "wb_adr_i", 31 0, L_0x5555919bd3d0;  alias, 1 drivers
v0x5555919a5040_0 .net "wb_cyc_i", 0 0, L_0x5555919bce90;  alias, 1 drivers
v0x5555919a50e0_0 .net "wb_dat_i", 31 0, L_0x5555919bd470;  alias, 1 drivers
v0x5555919a51b0_0 .net "wb_dat_o", 31 0, L_0x5555919be170;  alias, 1 drivers
v0x5555919a5250_0 .net "wb_sel_i", 3 0, L_0x5555919bd690;  alias, 1 drivers
v0x5555919a52f0_0 .net "wb_stb_i", 0 0, L_0x5555919bd090;  alias, 1 drivers
v0x5555919a53c0_0 .net "wb_we_i", 0 0, L_0x5555919bd180;  alias, 1 drivers
v0x5555919a5490_0 .net "word_addr", 10 0, L_0x5555919bdbd0;  1 drivers
E_0x555591990430 .event posedge, v0x555591987160_0;
L_0x5555919bdbd0 .part L_0x5555919bd3d0, 2, 11;
L_0x5555919bde90 .reduce/nor L_0x5555919bd180;
L_0x5555919be030 .array/port v0x555591990ce0, L_0x5555919be0d0;
L_0x5555919be0d0 .concat [ 11 2 0 0], L_0x5555919bdbd0, L_0x7d48aeb4b720;
L_0x5555919be170 .functor MUXZ 32, L_0x7d48aeb4b768, L_0x5555919be030, L_0x5555919bdfc0, C4<>;
S_0x5555919a56b0 .scope task, "check" "check" 4 65, 4 65 0, S_0x555591920200;
 .timescale -9 -12;
v0x5555919a5870_0 .var "expected", 31 0;
v0x5555919a5950_0 .var "got", 31 0;
v0x5555919a5a30_0 .var "name", 255 0;
TD_riscv_core_tb.check ;
    %load/vec4 v0x5555919a5950_0;
    %load/vec4 v0x5555919a5870_0;
    %cmp/e;
    %jmp/0xz  T_0.0, 6;
    %vpi_call/w 4 68 "$display", "[PASS] %0s got=0x%08h", v0x5555919a5a30_0, v0x5555919a5950_0 {0 0 0};
    %load/vec4 v0x5555919a5fc0_0;
    %addi 1, 0, 32;
    %store/vec4 v0x5555919a5fc0_0, 0, 32;
    %jmp T_0.1;
T_0.0 ;
    %vpi_call/w 4 71 "$display", "[FAIL] %0s got=0x%08h expected=0x%08h", v0x5555919a5a30_0, v0x5555919a5950_0, v0x5555919a5870_0 {0 0 0};
    %load/vec4 v0x5555919a5db0_0;
    %addi 1, 0, 32;
    %store/vec4 v0x5555919a5db0_0, 0, 32;
T_0.1 ;
    %end;
    .scope S_0x555591988fc0;
T_1 ;
    %wait E_0x555591989230;
    %load/vec4 v0x555591989590_0;
    %flag_set/vec4 8;
    %jmp/0xz  T_1.0, 8;
    %pushi/vec4 0, 0, 32;
    %assign/vec4 v0x5555919893b0_0, 0;
    %jmp T_1.1;
T_1.0 ;
    %load/vec4 v0x5555919892b0_0;
    %assign/vec4 v0x5555919893b0_0, 0;
T_1.1 ;
    %jmp T_1;
    .thread T_1;
    .scope S_0x555591983ba0;
T_2 ;
    %wait E_0x5555918937c0;
    %load/vec4 v0x555591984490_0;
    %dup/vec4;
    %pushi/vec4 51, 0, 7;
    %cmp/e;
    %jmp/1 T_2.0, 6;
    %dup/vec4;
    %pushi/vec4 19, 0, 7;
    %cmp/e;
    %jmp/1 T_2.1, 6;
    %dup/vec4;
    %pushi/vec4 3, 0, 7;
    %cmp/e;
    %jmp/1 T_2.2, 6;
    %dup/vec4;
    %pushi/vec4 35, 0, 7;
    %cmp/e;
    %jmp/1 T_2.3, 6;
    %dup/vec4;
    %pushi/vec4 99, 0, 7;
    %cmp/e;
    %jmp/1 T_2.4, 6;
    %dup/vec4;
    %pushi/vec4 111, 0, 7;
    %cmp/e;
    %jmp/1 T_2.5, 6;
    %dup/vec4;
    %pushi/vec4 103, 0, 7;
    %cmp/e;
    %jmp/1 T_2.6, 6;
    %dup/vec4;
    %pushi/vec4 55, 0, 7;
    %cmp/e;
    %jmp/1 T_2.7, 6;
    %dup/vec4;
    %pushi/vec4 23, 0, 7;
    %cmp/e;
    %jmp/1 T_2.8, 6;
    %pushi/vec4 0, 0, 9;
    %split/vec4 2;
    %store/vec4 v0x555591983f00_0, 0, 2;
    %split/vec4 1;
    %store/vec4 v0x5555919840a0_0, 0, 1;
    %split/vec4 1;
    %store/vec4 v0x555591983fd0_0, 0, 1;
    %split/vec4 1;
    %store/vec4 v0x555591984250_0, 0, 1;
    %split/vec4 1;
    %store/vec4 v0x555591984140_0, 0, 1;
    %split/vec4 1;
    %store/vec4 v0x5555919843d0_0, 0, 1;
    %split/vec4 1;
    %store/vec4 v0x555591984310_0, 0, 1;
    %store/vec4 v0x555591983e40_0, 0, 1;
    %jmp T_2.10;
T_2.0 ;
    %pushi/vec4 66, 0, 9;
    %split/vec4 2;
    %store/vec4 v0x555591983f00_0, 0, 2;
    %split/vec4 1;
    %store/vec4 v0x5555919840a0_0, 0, 1;
    %split/vec4 1;
    %store/vec4 v0x555591983fd0_0, 0, 1;
    %split/vec4 1;
    %store/vec4 v0x555591984250_0, 0, 1;
    %split/vec4 1;
    %store/vec4 v0x555591984140_0, 0, 1;
    %split/vec4 1;
    %store/vec4 v0x5555919843d0_0, 0, 1;
    %split/vec4 1;
    %store/vec4 v0x555591984310_0, 0, 1;
    %store/vec4 v0x555591983e40_0, 0, 1;
    %jmp T_2.10;
T_2.1 ;
    %pushi/vec4 320, 0, 9;
    %split/vec4 2;
    %store/vec4 v0x555591983f00_0, 0, 2;
    %split/vec4 1;
    %store/vec4 v0x5555919840a0_0, 0, 1;
    %split/vec4 1;
    %store/vec4 v0x555591983fd0_0, 0, 1;
    %split/vec4 1;
    %store/vec4 v0x555591984250_0, 0, 1;
    %split/vec4 1;
    %store/vec4 v0x555591984140_0, 0, 1;
    %split/vec4 1;
    %store/vec4 v0x5555919843d0_0, 0, 1;
    %split/vec4 1;
    %store/vec4 v0x555591984310_0, 0, 1;
    %store/vec4 v0x555591983e40_0, 0, 1;
    %jmp T_2.10;
T_2.2 ;
    %pushi/vec4 483, 0, 9;
    %split/vec4 2;
    %store/vec4 v0x555591983f00_0, 0, 2;
    %split/vec4 1;
    %store/vec4 v0x5555919840a0_0, 0, 1;
    %split/vec4 1;
    %store/vec4 v0x555591983fd0_0, 0, 1;
    %split/vec4 1;
    %store/vec4 v0x555591984250_0, 0, 1;
    %split/vec4 1;
    %store/vec4 v0x555591984140_0, 0, 1;
    %split/vec4 1;
    %store/vec4 v0x5555919843d0_0, 0, 1;
    %split/vec4 1;
    %store/vec4 v0x555591984310_0, 0, 1;
    %store/vec4 v0x555591983e40_0, 0, 1;
    %jmp T_2.10;
T_2.3 ;
    %pushi/vec4 275, 0, 9;
    %split/vec4 2;
    %store/vec4 v0x555591983f00_0, 0, 2;
    %split/vec4 1;
    %store/vec4 v0x5555919840a0_0, 0, 1;
    %split/vec4 1;
    %store/vec4 v0x555591983fd0_0, 0, 1;
    %split/vec4 1;
    %store/vec4 v0x555591984250_0, 0, 1;
    %split/vec4 1;
    %store/vec4 v0x555591984140_0, 0, 1;
    %split/vec4 1;
    %store/vec4 v0x5555919843d0_0, 0, 1;
    %split/vec4 1;
    %store/vec4 v0x555591984310_0, 0, 1;
    %store/vec4 v0x555591983e40_0, 0, 1;
    %jmp T_2.10;
T_2.4 ;
    %pushi/vec4 9, 0, 9;
    %split/vec4 2;
    %store/vec4 v0x555591983f00_0, 0, 2;
    %split/vec4 1;
    %store/vec4 v0x5555919840a0_0, 0, 1;
    %split/vec4 1;
    %store/vec4 v0x555591983fd0_0, 0, 1;
    %split/vec4 1;
    %store/vec4 v0x555591984250_0, 0, 1;
    %split/vec4 1;
    %store/vec4 v0x555591984140_0, 0, 1;
    %split/vec4 1;
    %store/vec4 v0x5555919843d0_0, 0, 1;
    %split/vec4 1;
    %store/vec4 v0x555591984310_0, 0, 1;
    %store/vec4 v0x555591983e40_0, 0, 1;
    %jmp T_2.10;
T_2.5 ;
    %pushi/vec4 68, 0, 9;
    %split/vec4 2;
    %store/vec4 v0x555591983f00_0, 0, 2;
    %split/vec4 1;
    %store/vec4 v0x5555919840a0_0, 0, 1;
    %split/vec4 1;
    %store/vec4 v0x555591983fd0_0, 0, 1;
    %split/vec4 1;
    %store/vec4 v0x555591984250_0, 0, 1;
    %split/vec4 1;
    %store/vec4 v0x555591984140_0, 0, 1;
    %split/vec4 1;
    %store/vec4 v0x5555919843d0_0, 0, 1;
    %split/vec4 1;
    %store/vec4 v0x555591984310_0, 0, 1;
    %store/vec4 v0x555591983e40_0, 0, 1;
    %jmp T_2.10;
T_2.6 ;
    %pushi/vec4 324, 0, 9;
    %split/vec4 2;
    %store/vec4 v0x555591983f00_0, 0, 2;
    %split/vec4 1;
    %store/vec4 v0x5555919840a0_0, 0, 1;
    %split/vec4 1;
    %store/vec4 v0x555591983fd0_0, 0, 1;
    %split/vec4 1;
    %store/vec4 v0x555591984250_0, 0, 1;
    %split/vec4 1;
    %store/vec4 v0x555591984140_0, 0, 1;
    %split/vec4 1;
    %store/vec4 v0x5555919843d0_0, 0, 1;
    %split/vec4 1;
    %store/vec4 v0x555591984310_0, 0, 1;
    %store/vec4 v0x555591983e40_0, 0, 1;
    %jmp T_2.10;
T_2.7 ;
    %pushi/vec4 323, 0, 9;
    %split/vec4 2;
    %store/vec4 v0x555591983f00_0, 0, 2;
    %split/vec4 1;
    %store/vec4 v0x5555919840a0_0, 0, 1;
    %split/vec4 1;
    %store/vec4 v0x555591983fd0_0, 0, 1;
    %split/vec4 1;
    %store/vec4 v0x555591984250_0, 0, 1;
    %split/vec4 1;
    %store/vec4 v0x555591984140_0, 0, 1;
    %split/vec4 1;
    %store/vec4 v0x5555919843d0_0, 0, 1;
    %split/vec4 1;
    %store/vec4 v0x555591984310_0, 0, 1;
    %store/vec4 v0x555591983e40_0, 0, 1;
    %jmp T_2.10;
T_2.8 ;
    %pushi/vec4 320, 0, 9;
    %split/vec4 2;
    %store/vec4 v0x555591983f00_0, 0, 2;
    %split/vec4 1;
    %store/vec4 v0x5555919840a0_0, 0, 1;
    %split/vec4 1;
    %store/vec4 v0x555591983fd0_0, 0, 1;
    %split/vec4 1;
    %store/vec4 v0x555591984250_0, 0, 1;
    %split/vec4 1;
    %store/vec4 v0x555591984140_0, 0, 1;
    %split/vec4 1;
    %store/vec4 v0x5555919843d0_0, 0, 1;
    %split/vec4 1;
    %store/vec4 v0x555591984310_0, 0, 1;
    %store/vec4 v0x555591983e40_0, 0, 1;
    %jmp T_2.10;
T_2.10 ;
    %pop/vec4 1;
    %jmp T_2;
    .thread T_2, $push;
    .scope S_0x5555919896b0;
T_3 ;
    %wait E_0x555591989230;
    %load/vec4 v0x55559198a5e0_0;
    %flag_set/vec4 8;
    %jmp/0xz  T_3.0, 8;
    %pushi/vec4 0, 0, 32;
    %store/vec4 v0x555591989e00_0, 0, 32;
T_3.2 ; Top of for-loop
    %load/vec4 v0x555591989e00_0;
    %cmpi/s 32, 0, 32;
	  %jmp/0xz T_3.3, 5;
    %pushi/vec4 0, 0, 32;
    %ix/getv/s 3, v0x555591989e00_0;
    %ix/load 4, 0, 0; Constant delay
    %assign/vec4/a/d v0x55559198a010, 0, 4;
T_3.4 ; for-loop step statement
    %load/vec4 v0x555591989e00_0;
    %addi 1, 0, 32;
    %store/vec4 v0x555591989e00_0, 0, 32;
    %jmp T_3.2;
T_3.3 ; for-loop exit label
    %jmp T_3.1;
T_3.0 ;
    %load/vec4 v0x555591989c70_0;
    %flag_set/vec4 9;
    %flag_get/vec4 9;
    %jmp/0 T_3.7, 9;
    %load/vec4 v0x555591989f30_0;
    %pushi/vec4 0, 0, 5;
    %cmp/ne;
    %flag_get/vec4 4;
    %and;
T_3.7;
    %flag_set/vec4 8;
    %jmp/0xz  T_3.5, 8;
    %load/vec4 v0x55559198a920_0;
    %load/vec4 v0x555591989f30_0;
    %pad/u 7;
    %ix/vec4 3;
    %ix/load 4, 0, 0; Constant delay
    %assign/vec4/a/d v0x55559198a010, 0, 4;
T_3.5 ;
    %pushi/vec4 0, 0, 32;
    %ix/load 3, 0, 0;
    %flag_set/imm 4, 0;
    %ix/load 4, 0, 0; Constant delay
    %assign/vec4/a/d v0x55559198a010, 0, 4;
T_3.1 ;
    %jmp T_3;
    .thread T_3;
    .scope S_0x5555919896b0;
T_4 ;
    %wait E_0x5555919898e0;
    %load/vec4 v0x55559198a6d0_0;
    %cmpi/e 0, 0, 5;
    %flag_mov 8, 4;
    %jmp/0 T_4.0, 8;
    %pushi/vec4 0, 0, 32;
    %jmp/1 T_4.1, 8;
T_4.0 ; End of true expr.
    %load/vec4 v0x55559198a6d0_0;
    %pad/u 7;
    %ix/vec4 4;
    %load/vec4a v0x55559198a010, 4;
    %jmp/0 T_4.1, 8;
 ; End of false expr.
    %blend;
T_4.1;
    %store/vec4 v0x555591989a60_0, 0, 32;
    %load/vec4 v0x55559198a840_0;
    %cmpi/e 0, 0, 5;
    %flag_mov 8, 4;
    %jmp/0 T_4.2, 8;
    %pushi/vec4 0, 0, 32;
    %jmp/1 T_4.3, 8;
T_4.2 ; End of true expr.
    %load/vec4 v0x55559198a840_0;
    %pad/u 7;
    %ix/vec4 4;
    %load/vec4a v0x55559198a010, 4;
    %jmp/0 T_4.3, 8;
 ; End of false expr.
    %blend;
T_4.3;
    %store/vec4 v0x555591989b60_0, 0, 32;
    %jmp T_4;
    .thread T_4, $push;
    .scope S_0x555591984720;
T_5 ;
    %wait E_0x5555919730e0;
    %load/vec4 v0x5555919861b0_0;
    %dup/vec4;
    %pushi/vec4 0, 0, 3;
    %cmp/e;
    %jmp/1 T_5.0, 6;
    %dup/vec4;
    %pushi/vec4 1, 0, 3;
    %cmp/e;
    %jmp/1 T_5.1, 6;
    %dup/vec4;
    %pushi/vec4 2, 0, 3;
    %cmp/e;
    %jmp/1 T_5.2, 6;
    %dup/vec4;
    %pushi/vec4 3, 0, 3;
    %cmp/e;
    %jmp/1 T_5.3, 6;
    %dup/vec4;
    %pushi/vec4 4, 0, 3;
    %cmp/e;
    %jmp/1 T_5.4, 6;
    %pushi/vec4 0, 0, 32;
    %store/vec4 v0x555591986370_0, 0, 32;
    %jmp T_5.6;
T_5.0 ;
    %load/vec4 v0x555591985f10_0;
    %store/vec4 v0x555591986370_0, 0, 32;
    %jmp T_5.6;
T_5.1 ;
    %load/vec4 v0x5555919860d0_0;
    %store/vec4 v0x555591986370_0, 0, 32;
    %jmp T_5.6;
T_5.2 ;
    %load/vec4 v0x555591985e30_0;
    %store/vec4 v0x555591986370_0, 0, 32;
    %jmp T_5.6;
T_5.3 ;
    %load/vec4 v0x555591986290_0;
    %store/vec4 v0x555591986370_0, 0, 32;
    %jmp T_5.6;
T_5.4 ;
    %load/vec4 v0x555591985ff0_0;
    %store/vec4 v0x555591986370_0, 0, 32;
    %jmp T_5.6;
T_5.6 ;
    %pop/vec4 1;
    %jmp T_5;
    .thread T_5, $push;
    .scope S_0x555591982ac0;
T_6 ;
    %wait E_0x5555918b3e80;
    %load/vec4 v0x555591982ce0_0;
    %dup/vec4;
    %pushi/vec4 2, 0, 2;
    %cmp/e;
    %jmp/1 T_6.0, 6;
    %dup/vec4;
    %pushi/vec4 0, 0, 2;
    %cmp/e;
    %jmp/1 T_6.1, 6;
    %dup/vec4;
    %pushi/vec4 1, 0, 2;
    %cmp/e;
    %jmp/1 T_6.2, 6;
    %pushi/vec4 0, 0, 4;
    %store/vec4 v0x555591982de0_0, 0, 4;
    %jmp T_6.4;
T_6.0 ;
    %load/vec4 v0x555591982f40_0;
    %load/vec4 v0x555591982ea0_0;
    %concat/vec4; draw_concat_vec4
    %dup/vec4;
    %pushi/vec4 0, 0, 10;
    %cmp/e;
    %jmp/1 T_6.5, 6;
    %dup/vec4;
    %pushi/vec4 256, 0, 10;
    %cmp/e;
    %jmp/1 T_6.6, 6;
    %dup/vec4;
    %pushi/vec4 4, 0, 10;
    %cmp/e;
    %jmp/1 T_6.7, 6;
    %dup/vec4;
    %pushi/vec4 6, 0, 10;
    %cmp/e;
    %jmp/1 T_6.8, 6;
    %dup/vec4;
    %pushi/vec4 7, 0, 10;
    %cmp/e;
    %jmp/1 T_6.9, 6;
    %dup/vec4;
    %pushi/vec4 1, 0, 10;
    %cmp/e;
    %jmp/1 T_6.10, 6;
    %dup/vec4;
    %pushi/vec4 5, 0, 10;
    %cmp/e;
    %jmp/1 T_6.11, 6;
    %dup/vec4;
    %pushi/vec4 261, 0, 10;
    %cmp/e;
    %jmp/1 T_6.12, 6;
    %dup/vec4;
    %pushi/vec4 2, 0, 10;
    %cmp/e;
    %jmp/1 T_6.13, 6;
    %dup/vec4;
    %pushi/vec4 3, 0, 10;
    %cmp/e;
    %jmp/1 T_6.14, 6;
    %pushi/vec4 0, 0, 4;
    %store/vec4 v0x555591982de0_0, 0, 4;
    %jmp T_6.16;
T_6.5 ;
    %pushi/vec4 0, 0, 4;
    %store/vec4 v0x555591982de0_0, 0, 4;
    %jmp T_6.16;
T_6.6 ;
    %pushi/vec4 1, 0, 4;
    %store/vec4 v0x555591982de0_0, 0, 4;
    %jmp T_6.16;
T_6.7 ;
    %pushi/vec4 2, 0, 4;
    %store/vec4 v0x555591982de0_0, 0, 4;
    %jmp T_6.16;
T_6.8 ;
    %pushi/vec4 3, 0, 4;
    %store/vec4 v0x555591982de0_0, 0, 4;
    %jmp T_6.16;
T_6.9 ;
    %pushi/vec4 4, 0, 4;
    %store/vec4 v0x555591982de0_0, 0, 4;
    %jmp T_6.16;
T_6.10 ;
    %pushi/vec4 5, 0, 4;
    %store/vec4 v0x555591982de0_0, 0, 4;
    %jmp T_6.16;
T_6.11 ;
    %pushi/vec4 6, 0, 4;
    %store/vec4 v0x555591982de0_0, 0, 4;
    %jmp T_6.16;
T_6.12 ;
    %pushi/vec4 7, 0, 4;
    %store/vec4 v0x555591982de0_0, 0, 4;
    %jmp T_6.16;
T_6.13 ;
    %pushi/vec4 8, 0, 4;
    %store/vec4 v0x555591982de0_0, 0, 4;
    %jmp T_6.16;
T_6.14 ;
    %pushi/vec4 9, 0, 4;
    %store/vec4 v0x555591982de0_0, 0, 4;
    %jmp T_6.16;
T_6.16 ;
    %pop/vec4 1;
    %jmp T_6.4;
T_6.1 ;
    %load/vec4 v0x555591982ea0_0;
    %dup/vec4;
    %pushi/vec4 0, 0, 3;
    %cmp/e;
    %jmp/1 T_6.17, 6;
    %dup/vec4;
    %pushi/vec4 4, 0, 3;
    %cmp/e;
    %jmp/1 T_6.18, 6;
    %dup/vec4;
    %pushi/vec4 6, 0, 3;
    %cmp/e;
    %jmp/1 T_6.19, 6;
    %dup/vec4;
    %pushi/vec4 7, 0, 3;
    %cmp/e;
    %jmp/1 T_6.20, 6;
    %dup/vec4;
    %pushi/vec4 1, 0, 3;
    %cmp/e;
    %jmp/1 T_6.21, 6;
    %dup/vec4;
    %pushi/vec4 5, 0, 3;
    %cmp/e;
    %jmp/1 T_6.22, 6;
    %dup/vec4;
    %pushi/vec4 2, 0, 3;
    %cmp/e;
    %jmp/1 T_6.23, 6;
    %dup/vec4;
    %pushi/vec4 3, 0, 3;
    %cmp/e;
    %jmp/1 T_6.24, 6;
    %pushi/vec4 0, 0, 4;
    %store/vec4 v0x555591982de0_0, 0, 4;
    %jmp T_6.26;
T_6.17 ;
    %pushi/vec4 0, 0, 4;
    %store/vec4 v0x555591982de0_0, 0, 4;
    %jmp T_6.26;
T_6.18 ;
    %pushi/vec4 2, 0, 4;
    %store/vec4 v0x555591982de0_0, 0, 4;
    %jmp T_6.26;
T_6.19 ;
    %pushi/vec4 3, 0, 4;
    %store/vec4 v0x555591982de0_0, 0, 4;
    %jmp T_6.26;
T_6.20 ;
    %pushi/vec4 4, 0, 4;
    %store/vec4 v0x555591982de0_0, 0, 4;
    %jmp T_6.26;
T_6.21 ;
    %pushi/vec4 5, 0, 4;
    %store/vec4 v0x555591982de0_0, 0, 4;
    %jmp T_6.26;
T_6.22 ;
    %load/vec4 v0x555591982f40_0;
    %parti/s 1, 5, 4;
    %flag_set/vec4 8;
    %jmp/0 T_6.27, 8;
    %pushi/vec4 7, 0, 4;
    %jmp/1 T_6.28, 8;
T_6.27 ; End of true expr.
    %pushi/vec4 6, 0, 4;
    %jmp/0 T_6.28, 8;
 ; End of false expr.
    %blend;
T_6.28;
    %store/vec4 v0x555591982de0_0, 0, 4;
    %jmp T_6.26;
T_6.23 ;
    %pushi/vec4 8, 0, 4;
    %store/vec4 v0x555591982de0_0, 0, 4;
    %jmp T_6.26;
T_6.24 ;
    %pushi/vec4 9, 0, 4;
    %store/vec4 v0x555591982de0_0, 0, 4;
    %jmp T_6.26;
T_6.26 ;
    %pop/vec4 1;
    %jmp T_6.4;
T_6.2 ;
    %load/vec4 v0x555591982ea0_0;
    %dup/vec4;
    %pushi/vec4 0, 0, 3;
    %cmp/e;
    %jmp/1 T_6.29, 6;
    %dup/vec4;
    %pushi/vec4 1, 0, 3;
    %cmp/e;
    %jmp/1 T_6.30, 6;
    %dup/vec4;
    %pushi/vec4 4, 0, 3;
    %cmp/e;
    %jmp/1 T_6.31, 6;
    %dup/vec4;
    %pushi/vec4 5, 0, 3;
    %cmp/e;
    %jmp/1 T_6.32, 6;
    %dup/vec4;
    %pushi/vec4 6, 0, 3;
    %cmp/e;
    %jmp/1 T_6.33, 6;
    %dup/vec4;
    %pushi/vec4 7, 0, 3;
    %cmp/e;
    %jmp/1 T_6.34, 6;
    %pushi/vec4 0, 0, 4;
    %store/vec4 v0x555591982de0_0, 0, 4;
    %jmp T_6.36;
T_6.29 ;
    %pushi/vec4 10, 0, 4;
    %store/vec4 v0x555591982de0_0, 0, 4;
    %jmp T_6.36;
T_6.30 ;
    %pushi/vec4 11, 0, 4;
    %store/vec4 v0x555591982de0_0, 0, 4;
    %jmp T_6.36;
T_6.31 ;
    %pushi/vec4 12, 0, 4;
    %store/vec4 v0x555591982de0_0, 0, 4;
    %jmp T_6.36;
T_6.32 ;
    %pushi/vec4 13, 0, 4;
    %store/vec4 v0x555591982de0_0, 0, 4;
    %jmp T_6.36;
T_6.33 ;
    %pushi/vec4 14, 0, 4;
    %store/vec4 v0x555591982de0_0, 0, 4;
    %jmp T_6.36;
T_6.34 ;
    %pushi/vec4 15, 0, 4;
    %store/vec4 v0x555591982de0_0, 0, 4;
    %jmp T_6.36;
T_6.36 ;
    %pop/vec4 1;
    %jmp T_6.4;
T_6.4 ;
    %pop/vec4 1;
    %jmp T_6;
    .thread T_6, $push;
    .scope S_0x555591923170;
T_7 ;
    %wait E_0x5555918b3e40;
    %load/vec4 v0x55559194b6e0_0;
    %dup/vec4;
    %pushi/vec4 0, 0, 4;
    %cmp/e;
    %jmp/1 T_7.0, 6;
    %dup/vec4;
    %pushi/vec4 1, 0, 4;
    %cmp/e;
    %jmp/1 T_7.1, 6;
    %dup/vec4;
    %pushi/vec4 2, 0, 4;
    %cmp/e;
    %jmp/1 T_7.2, 6;
    %dup/vec4;
    %pushi/vec4 3, 0, 4;
    %cmp/e;
    %jmp/1 T_7.3, 6;
    %dup/vec4;
    %pushi/vec4 4, 0, 4;
    %cmp/e;
    %jmp/1 T_7.4, 6;
    %dup/vec4;
    %pushi/vec4 5, 0, 4;
    %cmp/e;
    %jmp/1 T_7.5, 6;
    %dup/vec4;
    %pushi/vec4 6, 0, 4;
    %cmp/e;
    %jmp/1 T_7.6, 6;
    %dup/vec4;
    %pushi/vec4 7, 0, 4;
    %cmp/e;
    %jmp/1 T_7.7, 6;
    %dup/vec4;
    %pushi/vec4 8, 0, 4;
    %cmp/e;
    %jmp/1 T_7.8, 6;
    %dup/vec4;
    %pushi/vec4 9, 0, 4;
    %cmp/e;
    %jmp/1 T_7.9, 6;
    %dup/vec4;
    %pushi/vec4 10, 0, 4;
    %cmp/e;
    %jmp/1 T_7.10, 6;
    %dup/vec4;
    %pushi/vec4 11, 0, 4;
    %cmp/e;
    %jmp/1 T_7.11, 6;
    %dup/vec4;
    %pushi/vec4 12, 0, 4;
    %cmp/e;
    %jmp/1 T_7.12, 6;
    %dup/vec4;
    %pushi/vec4 13, 0, 4;
    %cmp/e;
    %jmp/1 T_7.13, 6;
    %dup/vec4;
    %pushi/vec4 14, 0, 4;
    %cmp/e;
    %jmp/1 T_7.14, 6;
    %dup/vec4;
    %pushi/vec4 15, 0, 4;
    %cmp/e;
    %jmp/1 T_7.15, 6;
    %pushi/vec4 0, 0, 32;
    %store/vec4 v0x555591970310_0, 0, 32;
    %jmp T_7.17;
T_7.0 ;
    %load/vec4 v0x555591929170_0;
    %load/vec4 v0x555591970270_0;
    %add;
    %store/vec4 v0x555591970310_0, 0, 32;
    %jmp T_7.17;
T_7.1 ;
    %load/vec4 v0x555591929170_0;
    %load/vec4 v0x555591970270_0;
    %sub;
    %store/vec4 v0x555591970310_0, 0, 32;
    %jmp T_7.17;
T_7.2 ;
    %load/vec4 v0x555591929170_0;
    %load/vec4 v0x555591970270_0;
    %xor;
    %store/vec4 v0x555591970310_0, 0, 32;
    %jmp T_7.17;
T_7.3 ;
    %load/vec4 v0x555591929170_0;
    %load/vec4 v0x555591970270_0;
    %or;
    %store/vec4 v0x555591970310_0, 0, 32;
    %jmp T_7.17;
T_7.4 ;
    %load/vec4 v0x555591929170_0;
    %load/vec4 v0x555591970270_0;
    %and;
    %store/vec4 v0x555591970310_0, 0, 32;
    %jmp T_7.17;
T_7.5 ;
    %load/vec4 v0x555591929170_0;
    %ix/getv 4, v0x555591982940_0;
    %shiftl 4;
    %store/vec4 v0x555591970310_0, 0, 32;
    %jmp T_7.17;
T_7.6 ;
    %load/vec4 v0x555591929170_0;
    %ix/getv 4, v0x555591982940_0;
    %shiftr 4;
    %store/vec4 v0x555591970310_0, 0, 32;
    %jmp T_7.17;
T_7.7 ;
    %load/vec4 v0x555591929170_0;
    %ix/getv 4, v0x555591982940_0;
    %shiftr/s 4;
    %store/vec4 v0x555591970310_0, 0, 32;
    %jmp T_7.17;
T_7.8 ;
    %load/vec4 v0x555591929170_0;
    %load/vec4 v0x555591970270_0;
    %cmp/s;
    %flag_mov 8, 5;
    %jmp/0 T_7.18, 8;
    %pushi/vec4 1, 0, 32;
    %jmp/1 T_7.19, 8;
T_7.18 ; End of true expr.
    %pushi/vec4 0, 0, 32;
    %jmp/0 T_7.19, 8;
 ; End of false expr.
    %blend;
T_7.19;
    %store/vec4 v0x555591970310_0, 0, 32;
    %jmp T_7.17;
T_7.9 ;
    %load/vec4 v0x555591929170_0;
    %load/vec4 v0x555591970270_0;
    %cmp/u;
    %flag_mov 8, 5;
    %jmp/0 T_7.20, 8;
    %pushi/vec4 1, 0, 32;
    %jmp/1 T_7.21, 8;
T_7.20 ; End of true expr.
    %pushi/vec4 0, 0, 32;
    %jmp/0 T_7.21, 8;
 ; End of false expr.
    %blend;
T_7.21;
    %store/vec4 v0x555591970310_0, 0, 32;
    %jmp T_7.17;
T_7.10 ;
    %load/vec4 v0x555591929170_0;
    %load/vec4 v0x555591970270_0;
    %cmp/e;
    %flag_mov 8, 4;
    %jmp/0 T_7.22, 8;
    %pushi/vec4 1, 0, 32;
    %jmp/1 T_7.23, 8;
T_7.22 ; End of true expr.
    %pushi/vec4 0, 0, 32;
    %jmp/0 T_7.23, 8;
 ; End of false expr.
    %blend;
T_7.23;
    %store/vec4 v0x555591970310_0, 0, 32;
    %jmp T_7.17;
T_7.11 ;
    %load/vec4 v0x555591929170_0;
    %load/vec4 v0x555591970270_0;
    %cmp/ne;
    %flag_mov 8, 4;
    %jmp/0 T_7.24, 8;
    %pushi/vec4 1, 0, 32;
    %jmp/1 T_7.25, 8;
T_7.24 ; End of true expr.
    %pushi/vec4 0, 0, 32;
    %jmp/0 T_7.25, 8;
 ; End of false expr.
    %blend;
T_7.25;
    %store/vec4 v0x555591970310_0, 0, 32;
    %jmp T_7.17;
T_7.12 ;
    %load/vec4 v0x555591929170_0;
    %load/vec4 v0x555591970270_0;
    %cmp/s;
    %flag_mov 8, 5;
    %jmp/0 T_7.26, 8;
    %pushi/vec4 1, 0, 32;
    %jmp/1 T_7.27, 8;
T_7.26 ; End of true expr.
    %pushi/vec4 0, 0, 32;
    %jmp/0 T_7.27, 8;
 ; End of false expr.
    %blend;
T_7.27;
    %store/vec4 v0x555591970310_0, 0, 32;
    %jmp T_7.17;
T_7.13 ;
    %load/vec4 v0x555591970270_0;
    %load/vec4 v0x555591929170_0;
    %cmp/s;
    %flag_or 5, 4;
    %flag_mov 8, 5;
    %jmp/0 T_7.28, 8;
    %pushi/vec4 1, 0, 32;
    %jmp/1 T_7.29, 8;
T_7.28 ; End of true expr.
    %pushi/vec4 0, 0, 32;
    %jmp/0 T_7.29, 8;
 ; End of false expr.
    %blend;
T_7.29;
    %store/vec4 v0x555591970310_0, 0, 32;
    %jmp T_7.17;
T_7.14 ;
    %load/vec4 v0x555591929170_0;
    %load/vec4 v0x555591970270_0;
    %cmp/u;
    %flag_mov 8, 5;
    %jmp/0 T_7.30, 8;
    %pushi/vec4 1, 0, 32;
    %jmp/1 T_7.31, 8;
T_7.30 ; End of true expr.
    %pushi/vec4 0, 0, 32;
    %jmp/0 T_7.31, 8;
 ; End of false expr.
    %blend;
T_7.31;
    %store/vec4 v0x555591970310_0, 0, 32;
    %jmp T_7.17;
T_7.15 ;
    %load/vec4 v0x555591970270_0;
    %load/vec4 v0x555591929170_0;
    %cmp/u;
    %flag_or 5, 4;
    %flag_mov 8, 5;
    %jmp/0 T_7.32, 8;
    %pushi/vec4 1, 0, 32;
    %jmp/1 T_7.33, 8;
T_7.32 ; End of true expr.
    %pushi/vec4 0, 0, 32;
    %jmp/0 T_7.33, 8;
 ; End of false expr.
    %blend;
T_7.33;
    %store/vec4 v0x555591970310_0, 0, 32;
    %jmp T_7.17;
T_7.17 ;
    %pop/vec4 1;
    %jmp T_7;
    .thread T_7, $push;
    .scope S_0x555591986b50;
T_8 ;
    %wait E_0x555591986f10;
    %load/vec4 v0x5555919873d0_0;
    %parti/s 2, 0, 2;
    %dup/vec4;
    %pushi/vec4 0, 0, 2;
    %cmp/e;
    %jmp/1 T_8.0, 6;
    %dup/vec4;
    %pushi/vec4 1, 0, 2;
    %cmp/e;
    %jmp/1 T_8.1, 6;
    %pushi/vec4 15, 0, 4;
    %store/vec4 v0x555591987080_0, 0, 4;
    %jmp T_8.3;
T_8.0 ;
    %load/vec4 v0x5555919872c0_0;
    %parti/s 2, 0, 2;
    %dup/vec4;
    %pushi/vec4 0, 0, 2;
    %cmp/e;
    %jmp/1 T_8.4, 6;
    %dup/vec4;
    %pushi/vec4 1, 0, 2;
    %cmp/e;
    %jmp/1 T_8.5, 6;
    %dup/vec4;
    %pushi/vec4 2, 0, 2;
    %cmp/e;
    %jmp/1 T_8.6, 6;
    %dup/vec4;
    %pushi/vec4 3, 0, 2;
    %cmp/e;
    %jmp/1 T_8.7, 6;
    %pushi/vec4 0, 0, 4;
    %store/vec4 v0x555591987080_0, 0, 4;
    %jmp T_8.9;
T_8.4 ;
    %pushi/vec4 1, 0, 4;
    %store/vec4 v0x555591987080_0, 0, 4;
    %jmp T_8.9;
T_8.5 ;
    %pushi/vec4 2, 0, 4;
    %store/vec4 v0x555591987080_0, 0, 4;
    %jmp T_8.9;
T_8.6 ;
    %pushi/vec4 4, 0, 4;
    %store/vec4 v0x555591987080_0, 0, 4;
    %jmp T_8.9;
T_8.7 ;
    %pushi/vec4 8, 0, 4;
    %store/vec4 v0x555591987080_0, 0, 4;
    %jmp T_8.9;
T_8.9 ;
    %pop/vec4 1;
    %jmp T_8.3;
T_8.1 ;
    %load/vec4 v0x5555919872c0_0;
    %parti/s 1, 1, 2;
    %cmpi/e 0, 0, 1;
    %jmp/0xz  T_8.10, 4;
    %pushi/vec4 3, 0, 4;
    %store/vec4 v0x555591987080_0, 0, 4;
    %jmp T_8.11;
T_8.10 ;
    %pushi/vec4 12, 0, 4;
    %store/vec4 v0x555591987080_0, 0, 4;
T_8.11 ;
    %jmp T_8.3;
T_8.3 ;
    %pop/vec4 1;
    %jmp T_8;
    .thread T_8, $push;
    .scope S_0x555591986b50;
T_9 ;
    %wait E_0x555591986eb0;
    %load/vec4 v0x5555919873d0_0;
    %parti/s 2, 0, 2;
    %dup/vec4;
    %pushi/vec4 0, 0, 2;
    %cmp/e;
    %jmp/1 T_9.0, 6;
    %dup/vec4;
    %pushi/vec4 1, 0, 2;
    %cmp/e;
    %jmp/1 T_9.1, 6;
    %load/vec4 v0x555591987770_0;
    %store/vec4 v0x555591986fa0_0, 0, 32;
    %jmp T_9.3;
T_9.0 ;
    %load/vec4 v0x5555919872c0_0;
    %parti/s 2, 0, 2;
    %dup/vec4;
    %pushi/vec4 0, 0, 2;
    %cmp/e;
    %jmp/1 T_9.4, 6;
    %dup/vec4;
    %pushi/vec4 1, 0, 2;
    %cmp/e;
    %jmp/1 T_9.5, 6;
    %dup/vec4;
    %pushi/vec4 2, 0, 2;
    %cmp/e;
    %jmp/1 T_9.6, 6;
    %dup/vec4;
    %pushi/vec4 3, 0, 2;
    %cmp/e;
    %jmp/1 T_9.7, 6;
    %pushi/vec4 0, 0, 32;
    %store/vec4 v0x555591986fa0_0, 0, 32;
    %jmp T_9.9;
T_9.4 ;
    %pushi/vec4 0, 0, 24;
    %load/vec4 v0x555591987770_0;
    %parti/s 8, 0, 2;
    %concat/vec4; draw_concat_vec4
    %store/vec4 v0x555591986fa0_0, 0, 32;
    %jmp T_9.9;
T_9.5 ;
    %pushi/vec4 0, 0, 16;
    %load/vec4 v0x555591987770_0;
    %parti/s 8, 0, 2;
    %concat/vec4; draw_concat_vec4
    %concati/vec4 0, 0, 8;
    %store/vec4 v0x555591986fa0_0, 0, 32;
    %jmp T_9.9;
T_9.6 ;
    %pushi/vec4 0, 0, 8;
    %load/vec4 v0x555591987770_0;
    %parti/s 8, 0, 2;
    %concat/vec4; draw_concat_vec4
    %concati/vec4 0, 0, 16;
    %store/vec4 v0x555591986fa0_0, 0, 32;
    %jmp T_9.9;
T_9.7 ;
    %load/vec4 v0x555591987770_0;
    %parti/s 8, 0, 2;
    %concati/vec4 0, 0, 24;
    %store/vec4 v0x555591986fa0_0, 0, 32;
    %jmp T_9.9;
T_9.9 ;
    %pop/vec4 1;
    %jmp T_9.3;
T_9.1 ;
    %load/vec4 v0x5555919872c0_0;
    %parti/s 1, 1, 2;
    %cmpi/e 0, 0, 1;
    %jmp/0xz  T_9.10, 4;
    %pushi/vec4 0, 0, 16;
    %load/vec4 v0x555591987770_0;
    %parti/s 16, 0, 2;
    %concat/vec4; draw_concat_vec4
    %store/vec4 v0x555591986fa0_0, 0, 32;
    %jmp T_9.11;
T_9.10 ;
    %load/vec4 v0x555591987770_0;
    %parti/s 16, 0, 2;
    %concati/vec4 0, 0, 16;
    %store/vec4 v0x555591986fa0_0, 0, 32;
T_9.11 ;
    %jmp T_9.3;
T_9.3 ;
    %pop/vec4 1;
    %jmp T_9;
    .thread T_9, $push;
    .scope S_0x555591986b50;
T_10 ;
    %wait E_0x555591986e50;
    %load/vec4 v0x5555919872c0_0;
    %parti/s 2, 0, 2;
    %dup/vec4;
    %pushi/vec4 0, 0, 2;
    %cmp/e;
    %jmp/1 T_10.0, 6;
    %dup/vec4;
    %pushi/vec4 1, 0, 2;
    %cmp/e;
    %jmp/1 T_10.1, 6;
    %dup/vec4;
    %pushi/vec4 2, 0, 2;
    %cmp/e;
    %jmp/1 T_10.2, 6;
    %dup/vec4;
    %pushi/vec4 3, 0, 2;
    %cmp/e;
    %jmp/1 T_10.3, 6;
    %pushi/vec4 0, 0, 8;
    %store/vec4 v0x5555919879e0_0, 0, 8;
    %jmp T_10.5;
T_10.0 ;
    %load/vec4 v0x555591987e00_0;
    %parti/s 8, 0, 2;
    %store/vec4 v0x5555919879e0_0, 0, 8;
    %jmp T_10.5;
T_10.1 ;
    %load/vec4 v0x555591987e00_0;
    %parti/s 8, 8, 5;
    %store/vec4 v0x5555919879e0_0, 0, 8;
    %jmp T_10.5;
T_10.2 ;
    %load/vec4 v0x555591987e00_0;
    %parti/s 8, 16, 6;
    %store/vec4 v0x5555919879e0_0, 0, 8;
    %jmp T_10.5;
T_10.3 ;
    %load/vec4 v0x555591987e00_0;
    %parti/s 8, 24, 6;
    %store/vec4 v0x5555919879e0_0, 0, 8;
    %jmp T_10.5;
T_10.5 ;
    %pop/vec4 1;
    %jmp T_10;
    .thread T_10, $push;
    .scope S_0x555591986b50;
T_11 ;
    %wait E_0x555591986e50;
    %load/vec4 v0x5555919872c0_0;
    %parti/s 1, 1, 2;
    %cmpi/e 0, 0, 1;
    %jmp/0xz  T_11.0, 4;
    %load/vec4 v0x555591987e00_0;
    %parti/s 16, 0, 2;
    %store/vec4 v0x555591987ac0_0, 0, 16;
    %jmp T_11.1;
T_11.0 ;
    %load/vec4 v0x555591987e00_0;
    %parti/s 16, 16, 6;
    %store/vec4 v0x555591987ac0_0, 0, 16;
T_11.1 ;
    %jmp T_11;
    .thread T_11, $push;
    .scope S_0x555591986b50;
T_12 ;
    %wait E_0x555591986dc0;
    %load/vec4 v0x5555919873d0_0;
    %dup/vec4;
    %pushi/vec4 0, 0, 3;
    %cmp/e;
    %jmp/1 T_12.0, 6;
    %dup/vec4;
    %pushi/vec4 1, 0, 3;
    %cmp/e;
    %jmp/1 T_12.1, 6;
    %dup/vec4;
    %pushi/vec4 2, 0, 3;
    %cmp/e;
    %jmp/1 T_12.2, 6;
    %dup/vec4;
    %pushi/vec4 4, 0, 3;
    %cmp/e;
    %jmp/1 T_12.3, 6;
    %dup/vec4;
    %pushi/vec4 5, 0, 3;
    %cmp/e;
    %jmp/1 T_12.4, 6;
    %load/vec4 v0x555591987e00_0;
    %store/vec4 v0x555591987860_0, 0, 32;
    %jmp T_12.6;
T_12.0 ;
    %load/vec4 v0x5555919879e0_0;
    %parti/s 1, 7, 4;
    %replicate 24;
    %load/vec4 v0x5555919879e0_0;
    %concat/vec4; draw_concat_vec4
    %store/vec4 v0x555591987860_0, 0, 32;
    %jmp T_12.6;
T_12.1 ;
    %load/vec4 v0x555591987ac0_0;
    %parti/s 1, 15, 5;
    %replicate 16;
    %load/vec4 v0x555591987ac0_0;
    %concat/vec4; draw_concat_vec4
    %store/vec4 v0x555591987860_0, 0, 32;
    %jmp T_12.6;
T_12.2 ;
    %load/vec4 v0x555591987e00_0;
    %store/vec4 v0x555591987860_0, 0, 32;
    %jmp T_12.6;
T_12.3 ;
    %pushi/vec4 0, 0, 24;
    %load/vec4 v0x5555919879e0_0;
    %concat/vec4; draw_concat_vec4
    %store/vec4 v0x555591987860_0, 0, 32;
    %jmp T_12.6;
T_12.4 ;
    %pushi/vec4 0, 0, 16;
    %load/vec4 v0x555591987ac0_0;
    %concat/vec4; draw_concat_vec4
    %store/vec4 v0x555591987860_0, 0, 32;
    %jmp T_12.6;
T_12.6 ;
    %pop/vec4 1;
    %jmp T_12;
    .thread T_12, $push;
    .scope S_0x555591922560;
T_13 ;
    %wait E_0x555591989230;
    %load/vec4 v0x55559198f860_0;
    %flag_set/vec4 8;
    %jmp/0xz  T_13.0, 8;
    %pushi/vec4 0, 0, 1;
    %assign/vec4 v0x55559198f900_0, 0;
    %pushi/vec4 19, 0, 32;
    %assign/vec4 v0x55559198ef70_0, 0;
    %jmp T_13.1;
T_13.0 ;
    %load/vec4 v0x55559198f900_0;
    %dup/vec4;
    %pushi/vec4 0, 0, 1;
    %cmp/e;
    %jmp/1 T_13.2, 6;
    %dup/vec4;
    %pushi/vec4 1, 0, 1;
    %cmp/e;
    %jmp/1 T_13.3, 6;
    %jmp T_13.4;
T_13.2 ;
    %load/vec4 v0x55559198f9a0_0;
    %flag_set/vec4 8;
    %jmp/0xz  T_13.5, 8;
    %load/vec4 v0x55559198fbb0_0;
    %assign/vec4 v0x55559198ef70_0, 0;
    %pushi/vec4 1, 0, 1;
    %assign/vec4 v0x55559198f900_0, 0;
T_13.5 ;
    %jmp T_13.4;
T_13.3 ;
    %load/vec4 v0x55559198eaf0_0;
    %cmpi/e 0, 0, 1;
    %jmp/1 T_13.9, 4;
    %flag_mov 8, 4;
    %load/vec4 v0x55559198f9a0_0;
    %flag_set/vec4 9;
    %flag_or 9, 8;
    %flag_mov 4, 9;
T_13.9;
    %jmp/0xz  T_13.7, 4;
    %pushi/vec4 0, 0, 1;
    %assign/vec4 v0x55559198f900_0, 0;
T_13.7 ;
    %jmp T_13.4;
T_13.4 ;
    %pop/vec4 1;
T_13.1 ;
    %jmp T_13;
    .thread T_13;
    .scope S_0x5555919900e0;
T_14 ;
    %pushi/vec4 0, 0, 32;
    %store/vec4 v0x555591990b70_0, 0, 32;
T_14.0 ; Top of for-loop
    %load/vec4 v0x555591990b70_0;
    %cmpi/s 2048, 0, 32;
	  %jmp/0xz T_14.1, 5;
    %pushi/vec4 19, 0, 32;
    %ix/getv/s 4, v0x555591990b70_0;
    %store/vec4a v0x555591990ce0, 4, 0;
T_14.2 ; for-loop step statement
    %load/vec4 v0x555591990b70_0;
    %addi 1, 0, 32;
    %store/vec4 v0x555591990b70_0, 0, 32;
    %jmp T_14.0;
T_14.1 ; for-loop exit label
    %vpi_call/w 18 44 "$readmemh", "def.hex", v0x555591990ce0, 32'sb00000000000000000000000000000000, 32'sb00000000000000000000001111111111 {0 0 0};
    %end;
    .thread T_14;
    .scope S_0x5555919900e0;
T_15 ;
    %wait E_0x555591990430;
    %load/vec4 v0x5555919a5040_0;
    %flag_set/vec4 10;
    %flag_get/vec4 10;
    %jmp/0 T_15.3, 10;
    %load/vec4 v0x5555919a52f0_0;
    %and;
T_15.3;
    %flag_set/vec4 9;
    %flag_get/vec4 9;
    %jmp/0 T_15.2, 9;
    %load/vec4 v0x5555919a53c0_0;
    %and;
T_15.2;
    %flag_set/vec4 8;
    %jmp/0xz  T_15.0, 8;
    %load/vec4 v0x5555919a5250_0;
    %parti/s 1, 0, 2;
    %flag_set/vec4 8;
    %jmp/0xz  T_15.4, 8;
    %load/vec4 v0x5555919a50e0_0;
    %parti/s 8, 0, 2;
    %load/vec4 v0x5555919a5490_0;
    %pad/u 13;
    %ix/vec4 3;
    %ix/load 4, 0, 0; Constant delay
    %assign/vec4/a/d v0x555591990ce0, 0, 4;
T_15.4 ;
    %load/vec4 v0x5555919a5250_0;
    %parti/s 1, 1, 2;
    %flag_set/vec4 8;
    %jmp/0xz  T_15.6, 8;
    %load/vec4 v0x5555919a50e0_0;
    %parti/s 8, 8, 5;
    %load/vec4 v0x5555919a5490_0;
    %pad/u 13;
    %ix/vec4 3;
    %ix/load 4, 8, 0; part off
    %ix/load 5, 0, 0; Constant delay
    %assign/vec4/a/d v0x555591990ce0, 4, 5;
T_15.6 ;
    %load/vec4 v0x5555919a5250_0;
    %parti/s 1, 2, 3;
    %flag_set/vec4 8;
    %jmp/0xz  T_15.8, 8;
    %load/vec4 v0x5555919a50e0_0;
    %parti/s 8, 16, 6;
    %load/vec4 v0x5555919a5490_0;
    %pad/u 13;
    %ix/vec4 3;
    %ix/load 4, 16, 0; part off
    %ix/load 5, 0, 0; Constant delay
    %assign/vec4/a/d v0x555591990ce0, 4, 5;
T_15.8 ;
    %load/vec4 v0x5555919a5250_0;
    %parti/s 1, 3, 3;
    %flag_set/vec4 8;
    %jmp/0xz  T_15.10, 8;
    %load/vec4 v0x5555919a50e0_0;
    %parti/s 8, 24, 6;
    %load/vec4 v0x5555919a5490_0;
    %pad/u 13;
    %ix/vec4 3;
    %ix/load 4, 24, 0; part off
    %ix/load 5, 0, 0; Constant delay
    %assign/vec4/a/d v0x555591990ce0, 4, 5;
T_15.10 ;
T_15.0 ;
    %jmp T_15;
    .thread T_15;
    .scope S_0x555591920200;
T_16 ;
    %pushi/vec4 0, 0, 1;
    %store/vec4 v0x5555919a5b20_0, 0, 1;
    %pushi/vec4 1, 0, 1;
    %store/vec4 v0x5555919a6180_0, 0, 1;
    %pushi/vec4 0, 0, 32;
    %store/vec4 v0x5555919a5fc0_0, 0, 32;
    %pushi/vec4 0, 0, 32;
    %store/vec4 v0x5555919a5db0_0, 0, 32;
    %end;
    .thread T_16, $init;
    .scope S_0x555591920200;
T_17 ;
    %delay 5000, 0;
    %load/vec4 v0x5555919a5b20_0;
    %inv;
    %store/vec4 v0x5555919a5b20_0, 0, 1;
    %jmp T_17;
    .thread T_17;
    .scope S_0x555591920200;
T_18 ;
    %vpi_call/w 4 78 "$dumpfile", "riscv_core.vcd" {0 0 0};
    %vpi_call/w 4 79 "$dumpvars", 32'sb00000000000000000000000000000000, S_0x555591920200 {0 0 0};
    %pushi/vec4 1, 0, 1;
    %store/vec4 v0x5555919a6180_0, 0, 1;
    %pushi/vec4 5, 0, 32;
T_18.0 %dup/vec4;
    %cmpi/s 0, 0, 32;
    %jmp/1xz T_18.1, 5;
    %jmp/1 T_18.1, 4;
    %subi 1, 0, 32;
    %wait E_0x555591990430;
    %jmp T_18.0;
T_18.1 ;
    %pop/vec4 1;
    %pushi/vec4 0, 0, 1;
    %store/vec4 v0x5555919a6180_0, 0, 1;
    %pushi/vec4 500, 0, 32;
T_18.2 %dup/vec4;
    %cmpi/s 0, 0, 32;
    %jmp/1xz T_18.3, 5;
    %jmp/1 T_18.3, 4;
    %subi 1, 0, 32;
    %wait E_0x555591990430;
    %jmp T_18.2;
T_18.3 ;
    %pop/vec4 1;
    %vpi_call/w 4 87 "$display", "===========================================================" {0 0 0};
    %vpi_call/w 4 88 "$display", " riscv_core standalone testbench" {0 0 0};
    %vpi_call/w 4 89 "$display", "===========================================================" {0 0 0};
    %vpi_call/w 4 90 "$display", "Final PC = 0x%08h", v0x5555919a60a0_0 {0 0 0};
    %pushi/vec4 0, 0, 32; draw_string_vec4
    %pushi/vec4 0, 0, 32; draw_string_vec4
    %concat/vec4; draw_string_vec4
    %pushi/vec4 0, 0, 32; draw_string_vec4
    %concat/vec4; draw_string_vec4
    %pushi/vec4 0, 0, 32; draw_string_vec4
    %concat/vec4; draw_string_vec4
    %pushi/vec4 7878432, 0, 32; draw_string_vec4
    %concat/vec4; draw_string_vec4
    %pushi/vec4 539509317, 0, 32; draw_string_vec4
    %concat/vec4; draw_string_vec4
    %pushi/vec4 1361081441, 0, 32; draw_string_vec4
    %concat/vec4; draw_string_vec4
    %pushi/vec4 1801809449, 0, 32; draw_string_vec4
    %concat/vec4; draw_string_vec4
    %store/vec4 v0x5555919a5a30_0, 0, 256;
    %load/vec4 v0x5555919a7060_0;
    %store/vec4 v0x5555919a5950_0, 0, 32;
    %pushi/vec4 1, 0, 32;
    %store/vec4 v0x5555919a5870_0, 0, 32;
    %fork TD_riscv_core_tb.check, S_0x5555919a56b0;
    %join;
    %pushi/vec4 0, 0, 32; draw_string_vec4
    %pushi/vec4 0, 0, 32; draw_string_vec4
    %concat/vec4; draw_string_vec4
    %pushi/vec4 0, 0, 32; draw_string_vec4
    %concat/vec4; draw_string_vec4
    %pushi/vec4 0, 0, 32; draw_string_vec4
    %concat/vec4; draw_string_vec4
    %pushi/vec4 7878944, 0, 32; draw_string_vec4
    %concat/vec4; draw_string_vec4
    %pushi/vec4 539509326, 0, 32; draw_string_vec4
    %concat/vec4; draw_string_vec4
    %pushi/vec4 1159754849, 0, 32; draw_string_vec4
    %concat/vec4; draw_string_vec4
    %pushi/vec4 1801809449, 0, 32; draw_string_vec4
    %concat/vec4; draw_string_vec4
    %store/vec4 v0x5555919a5a30_0, 0, 256;
    %load/vec4 v0x5555919a7140_0;
    %store/vec4 v0x5555919a5950_0, 0, 32;
    %pushi/vec4 2, 0, 32;
    %store/vec4 v0x5555919a5870_0, 0, 32;
    %fork TD_riscv_core_tb.check, S_0x5555919a56b0;
    %join;
    %pushi/vec4 0, 0, 32; draw_string_vec4
    %pushi/vec4 0, 0, 32; draw_string_vec4
    %concat/vec4; draw_string_vec4
    %pushi/vec4 0, 0, 32; draw_string_vec4
    %concat/vec4; draw_string_vec4
    %pushi/vec4 0, 0, 32; draw_string_vec4
    %concat/vec4; draw_string_vec4
    %pushi/vec4 7876914, 0, 32; draw_string_vec4
    %concat/vec4; draw_string_vec4
    %pushi/vec4 539509324, 0, 32; draw_string_vec4
    %concat/vec4; draw_string_vec4
    %pushi/vec4 1411413089, 0, 32; draw_string_vec4
    %concat/vec4; draw_string_vec4
    %pushi/vec4 1801809449, 0, 32; draw_string_vec4
    %concat/vec4; draw_string_vec4
    %store/vec4 v0x5555919a5a30_0, 0, 256;
    %load/vec4 v0x5555919a6c00_0;
    %store/vec4 v0x5555919a5950_0, 0, 32;
    %pushi/vec4 3, 0, 32;
    %store/vec4 v0x5555919a5870_0, 0, 32;
    %fork TD_riscv_core_tb.check, S_0x5555919a56b0;
    %join;
    %pushi/vec4 0, 0, 32; draw_string_vec4
    %pushi/vec4 0, 0, 32; draw_string_vec4
    %concat/vec4; draw_string_vec4
    %pushi/vec4 0, 0, 32; draw_string_vec4
    %concat/vec4; draw_string_vec4
    %pushi/vec4 2016490272, 0, 32; draw_string_vec4
    %concat/vec4; draw_string_vec4
    %pushi/vec4 675433556, 0, 32; draw_string_vec4
    %concat/vec4; draw_string_vec4
    %pushi/vec4 1428188783, 0, 32; draw_string_vec4
    %concat/vec4; draw_string_vec4
    %pushi/vec4 1949135969, 0, 32; draw_string_vec4
    %concat/vec4; draw_string_vec4
    %pushi/vec4 1801809449, 0, 32; draw_string_vec4
    %concat/vec4; draw_string_vec4
    %store/vec4 v0x5555919a5a30_0, 0, 256;
    %load/vec4 v0x5555919a6ce0_0;
    %store/vec4 v0x5555919a5950_0, 0, 32;
    %pushi/vec4 4, 0, 32;
    %store/vec4 v0x5555919a5870_0, 0, 32;
    %fork TD_riscv_core_tb.check, S_0x5555919a56b0;
    %join;
    %pushi/vec4 0, 0, 32; draw_string_vec4
    %pushi/vec4 0, 0, 32; draw_string_vec4
    %concat/vec4; draw_string_vec4
    %pushi/vec4 0, 0, 32; draw_string_vec4
    %concat/vec4; draw_string_vec4
    %pushi/vec4 0, 0, 32; draw_string_vec4
    %concat/vec4; draw_string_vec4
    %pushi/vec4 7876916, 0, 32; draw_string_vec4
    %concat/vec4; draw_string_vec4
    %pushi/vec4 539511361, 0, 32; draw_string_vec4
    %concat/vec4; draw_string_vec4
    %pushi/vec4 1277195361, 0, 32; draw_string_vec4
    %concat/vec4; draw_string_vec4
    %pushi/vec4 1801809449, 0, 32; draw_string_vec4
    %concat/vec4; draw_string_vec4
    %store/vec4 v0x5555919a5a30_0, 0, 256;
    %load/vec4 v0x5555919a6dc0_0;
    %store/vec4 v0x5555919a5950_0, 0, 32;
    %pushi/vec4 5, 0, 32;
    %store/vec4 v0x5555919a5870_0, 0, 32;
    %fork TD_riscv_core_tb.check, S_0x5555919a56b0;
    %join;
    %vpi_call/w 4 98 "$display", "===========================================================" {0 0 0};
    %vpi_call/w 4 99 "$display", " Results: %0d PASSED | %0d FAILED", v0x5555919a5fc0_0, v0x5555919a5db0_0 {0 0 0};
    %vpi_call/w 4 100 "$display", "===========================================================" {0 0 0};
    %vpi_call/w 4 102 "$finish" {0 0 0};
    %end;
    .thread T_18;
    .scope S_0x555591920200;
T_19 ;
    %delay 100000000, 0;
    %vpi_call/w 4 107 "$display", "[TIMEOUT] Simulation stopped." {0 0 0};
    %vpi_call/w 4 108 "$finish" {0 0 0};
    %end;
    .thread T_19;
# The file index is used to find the file name in the following table.
:file_names 19;
    "N/A";
    "<interactive>";
    "-";
    "rtl/AND_logic.v";
    "sim/riscv_core_tb.v";
    "rtl/riscv_core.v";
    "rtl/ALU_unit.v";
    "rtl/ALU_Control.v";
    "rtl/Mux1.v";
    "rtl/Adder.v";
    "rtl/Control_Unit.v";
    "rtl/immediate_generator.v";
    "rtl/wb_master_lsu.v";
    "rtl/PCplus4.v";
    "rtl/Mux2.v";
    "rtl/program_counter.v";
    "rtl/Register_File.v";
    "rtl/Mux3.v";
    "rtl/core_test_mem.v";
